 PhysXCooking_64

 Timestamp is 63d2be9f (Thu Jan 26 12:55:43 2023)

 Preferred load address is 0000000180000000

 Start         Length     Name                   Class
 0001:00000000 00000060H .text$di                CODE
 0001:00000060 00021f30H .text$mn                CODE
 0001:00021f90 00000040H .text$mn$00             CODE
 0001:00021fd0 00000620H .text$x                 CODE
 0002:00000000 00000278H .idata$5                DATA
 0002:00000278 00000028H .00cfg                  DATA
 0002:000002a0 00000008H .CRT$XCA                DATA
 0002:000002a8 00000030H .CRT$XCU                DATA
 0002:000002d8 00000008H .CRT$XCZ                DATA
 0002:000002e0 00000008H .CRT$XIA                DATA
 0002:000002e8 00000018H .CRT$XIC                DATA
 0002:00000300 00000008H .CRT$XIZ                DATA
 0002:00000308 00000008H .CRT$XPA                DATA
 0002:00000310 00000010H .CRT$XPX                DATA
 0002:00000320 00000008H .CRT$XPXA               DATA
 0002:00000328 00000008H .CRT$XPZ                DATA
 0002:00000330 00000008H .CRT$XTA                DATA
 0002:00000338 00000008H .CRT$XTZ                DATA
 0002:00000340 00000000H .gehcont$y              DATA
 0002:00000340 00000000H .gfids$y                DATA
 0002:00000340 00009440H .rdata                  DATA
 0002:00009780 00000000H .rdata$CastGuardVftablesA DATA
 0002:00009780 00000000H .rdata$CastGuardVftablesC DATA
 0002:00009780 0000043cH .rdata$r                DATA
 0002:00009bbc 00000184H .rdata$voltmd           DATA
 0002:00009d40 00000430H .rdata$zzzdbg           DATA
 0002:0000a170 00000008H .rtc$IAA                DATA
 0002:0000a178 00000008H .rtc$IZZ                DATA
 0002:0000a180 00000008H .rtc$TAA                DATA
 0002:0000a188 00000008H .rtc$TZZ                DATA
 0002:0000a190 000016f8H .xdata                  DATA
 0002:0000b888 00000084H .xdata$x                DATA
 0002:0000b90c 00000040H .didat$2                DATA
 0002:0000b94c 00000024H .didat$3                DATA
 0002:0000b970 000000f0H .didat$4                DATA
 0002:0000ba60 000002c8H .didat$6                DATA
 0002:0000bd28 000000f8H .didat$7                DATA
 0002:0000be20 00000e04H .edata                  DATA
 0002:0000cc24 00000014H .idata$2                DATA
 0002:0000cc38 00000018H .idata$3                DATA
 0002:0000cc50 00000278H .idata$4                DATA
 0002:0000cec8 000005aeH .idata$6                DATA
 0003:00000000 00000a20H .data                   DATA
 0003:00000a20 00000108H .data$r                 DATA
 0003:00000b28 000000f0H .data$rs                DATA
 0003:00000c18 000000f8H .didat$5                DATA
 0003:00000d10 00001270H .bss                    DATA
 0004:00000000 000019bcH .pdata                  DATA
 0005:00000000 0000230cH _RDATA                  DATA
 0006:00000000 000000a0H .rsrc$01                DATA
 0006:000000a0 000004b0H .rsrc$02                DATA

  Address         Publics by Value              Rva+Base               Lib:Object

 0000:00000000       ___safe_se_handler_table   0000000000000000     <absolute>
 0000:00000000       __arm64x_redirection_metadata 0000000000000000     <absolute>
 0000:00000000       __guard_iat_table          0000000000000000     <absolute>
 0000:00000000       __guard_longjmp_table      0000000000000000     <absolute>
 0000:00000000       __x64_code_ranges_to_entry_points 0000000000000000     <absolute>
 0000:00000000       __guard_iat_count          0000000000000000     <absolute>
 0000:00000000       __guard_longjmp_count      0000000000000000     <absolute>
 0000:00000000       __guard_fids_count         0000000000000000     <absolute>
 0000:00000000       __dynamic_value_reloc_table 0000000000000000     <absolute>
 0000:00000000       __x64_code_ranges_to_entry_points_count 0000000000000000     <absolute>
 0000:00000000       __arm64x_extra_rfe_table   0000000000000000     <absolute>
 0000:00000000       __hybrid_auxiliary_iat     0000000000000000     <absolute>
 0000:00000000       __hybrid_auxiliary_iat_copy 0000000000000000     <absolute>
 0000:00000000       __hybrid_code_map          0000000000000000     <absolute>
 0000:00000000       __arm64x_extra_rfe_table_size 0000000000000000     <absolute>
 0000:00000000       ___safe_se_handler_count   0000000000000000     <absolute>
 0000:00000000       __AbsoluteZero             0000000000000000     <absolute>
 0000:00000000       __guard_check_icall_a64n_fptr 0000000000000000     <absolute>
 0000:00000000       __guard_fids_table         0000000000000000     <absolute>
 0000:00000000       __guard_eh_cont_count      0000000000000000     <absolute>
 0000:00000000       __arm64x_redirection_metadata_count 0000000000000000     <absolute>
 0000:00000000       __enclave_config           0000000000000000     <absolute>
 0000:00000000       __guard_eh_cont_table      0000000000000000     <absolute>
 0000:00000000       __arm64x_native_entrypoint 0000000000000000     <absolute>
 0000:00000000       __hybrid_code_map_count    0000000000000000     <absolute>
 0000:00000100       __guard_flags              0000000000000100     <absolute>
 0000:00000000       __ImageBase                0000000180000000     <linker-defined>
 0001:00000060       ??$copy@V?$PxReflectionAllocator@USlab@NodeAllocator@Gu@physx@@@physx@@@?$PxArray@USlab@NodeAllocator@Gu@physx@@V?$PxReflectionAllocator@USlab@NodeAllocator@Gu@physx@@@4@@physx@@IEAAXAEBV01@@Z 0000000180001060 f i Cooking.obj
 0001:000000e0       ??0AABBTreeBounds@Gu@physx@@QEAA@XZ 00000001800010e0 f i Cooking.obj
 0001:000000f0       ??0AABBTreeBuildNode@Gu@physx@@QEAA@AEBV012@@Z 00000001800010f0 f i Cooking.obj
 0001:000000f0       ??4AABBTreeBuildNode@Gu@physx@@QEAAAEAV012@AEBV012@@Z 00000001800010f0 f i Cooking.obj
 0001:00000130       ??4PxFoundation@physx@@QEAAAEAV01@AEBV01@@Z 0000000180001130 f i Cooking.obj
 0001:00000130       ?getAABB@AABBTreeBuildNode@Gu@physx@@QEBAAEBVPxBounds3@3@XZ 0000000180001130 f i Cooking.obj
 0001:00000130       ??0AABBTreeBuildNode@Gu@physx@@QEAA@XZ 0000000180001130 f i Cooking.obj
 0001:00000130       ??$forward@_K@std@@YA$$QEA_KAEA_K@Z 0000000180001130 f i libvcruntime:undname.obj
 0001:00000140       ??0AABBTreeBuildParams@Gu@physx@@QEAA@IIPEBVAABBTreeBounds@12@W4BVHBuildStrategy@12@@Z 0000000180001140 f i Cooking.obj
 0001:00000160       ??0NodeAllocator@Gu@physx@@QEAA@AEBV012@@Z 0000000180001160 f i Cooking.obj
 0001:000001a0       ??0PxFoundation@physx@@QEAA@AEBV01@@Z 00000001800011a0 f i Cooking.obj
 0001:000001a0       ??0PxFoundation@physx@@QEAA@XZ 00000001800011a0 f i Cooking.obj
 0001:000001b0       ??0PxRenderOutput@physx@@QEAA@AEAVPxRenderBuffer@1@@Z 00000001800011b0 f i Cooking.obj
 0001:00000200       ??0PxRenderOutput@physx@@QEAA@AEBV01@@Z 0000000180001200 f i Cooking.obj
 0001:000002a0       ??1AABBTreeBounds@Gu@physx@@QEAA@XZ 00000001800012a0 f i Cooking.obj
 0001:000002b0       ??1AABBTreeBuildNode@Gu@physx@@QEAA@XZ 00000001800012b0 f i Cooking.obj
 0001:000002b0       _guard_check_icall_nop     00000001800012b0 f i LIBCMT:guard_support.obj
 0001:000002c0       ?reset@AABBTreeBuildParams@Gu@physx@@QEAAXXZ 00000001800012c0 f i Cooking.obj
 0001:000002c0       ??1AABBTreeBuildParams@Gu@physx@@QEAA@XZ 00000001800012c0 f i Cooking.obj
 0001:00000310       ??1PxFoundation@physx@@MEAA@XZ 0000000180001310 f i Cooking.obj
 0001:00000320       ??4AABBTreeBounds@Gu@physx@@QEAAAEAV012@AEBV012@@Z 0000000180001320 f i Cooking.obj
 0001:00000330       ??4AABBTreeBuildParams@Gu@physx@@QEAAAEAV012@AEBV012@@Z 0000000180001330 f i Cooking.obj
 0001:00000350       ??4NodeAllocator@Gu@physx@@QEAAAEAV012@AEBV012@@Z 0000000180001350 f i Cooking.obj
 0001:00000400       ??6PxRenderOutput@physx@@QEAAAEAV01@AEBV?$PxMat44T@M@1@@Z 0000000180001400 f i Cooking.obj
 0001:00000470       ??6PxRenderOutput@physx@@QEAAAEAV01@AEBV?$PxTransformT@M@1@@Z 0000000180001470 f i Cooking.obj
 0001:000005f0       ??6PxRenderOutput@physx@@QEAAAEAV01@AEBV?$PxVec3T@M@1@@Z 00000001800015f0 f i Cooking.obj
 0001:000008f0       ??6PxRenderOutput@physx@@QEAAAEAV01@I@Z 00000001800018f0 f i Cooking.obj
 0001:00000900       ??6PxRenderOutput@physx@@QEAAAEAV01@W4Primitive@01@@Z 0000000180001900 f i Cooking.obj
 0001:00000910       ??_EPxFoundation@physx@@MEAAPEAXI@Z 0000000180001910 f i Cooking.obj
 0001:000009a0       ??_FAABBTreeBuildParams@Gu@physx@@QEAAXXZ 00000001800019a0 f i Cooking.obj
 0001:000009c0       ??_GCooking@physx@@UEAAPEAXI@Z 00000001800019c0 f i Cooking.obj
 0001:000009c0       ??_ECooking@physx@@UEAAPEAXI@Z 00000001800019c0 f i Cooking.obj
 0001:00000a10       ??_GPxCooking@physx@@MEAAPEAXI@Z 0000000180001a10 f i Cooking.obj
 0001:00000a10       ??_EPxCooking@physx@@MEAAPEAXI@Z 0000000180001a10 f i Cooking.obj
 0001:00000a40       ?allocate@?$PxArray@USlab@NodeAllocator@Gu@physx@@V?$PxReflectionAllocator@USlab@NodeAllocator@Gu@physx@@@4@@physx@@IEAAPEAUSlab@NodeAllocator@Gu@2@I@Z 0000000180001a40 f i Cooking.obj
 0001:00000af0       ?assembleSoftBodyMesh@Cooking@physx@@UEBAPEAVPxSoftBodyMesh@2@AEAVPxSimulationTetrahedronMeshData@2@AEAVPxCollisionTetrahedronMeshData@2@AEAVPxCollisionMeshMappingData@2@AEAVPxInsertionCallback@2@@Z 0000000180001af0 f   Cooking.obj
 0001:00000b10       ?assembleSoftBodyMesh@Cooking@physx@@UEBAPEAVPxSoftBodyMesh@2@AEAVPxTetrahedronMeshData@2@AEAVPxSoftBodySimulationData@2@0AEAVPxSoftBodyCollisionData@2@AEAVPxCollisionMeshMappingData@2@AEAVPxInsertionCallback@2@@Z 0000000180001b10 f   Cooking.obj
 0001:00000b50       ?computeCollisionData@Cooking@physx@@UEBAPEAVPxCollisionTetrahedronMeshData@2@AEBVPxTetrahedronMeshDesc@2@@Z 0000000180001b50 f   Cooking.obj
 0001:00000b60       ?computeHullPolygons@Cooking@physx@@UEBA_NAEBVPxSimpleTriangleMesh@2@AEAVPxAllocatorCallback@2@AEAIAEAPEAV?$PxVec3T@M@2@2AEAPEAI2AEAPEAUPxHullPolygon@2@@Z 0000000180001b60 f   Cooking.obj
 0001:00000b70       ?computeModelsMapping@Cooking@physx@@UEBAPEAVPxCollisionMeshMappingData@2@AEAVPxTetrahedronMeshData@2@AEBV42@AEBVPxSoftBodyCollisionData@2@PEBUPxBoundedData@2@@Z 0000000180001b70 f   Cooking.obj
 0001:00000b80       ?computeSimulationData@Cooking@physx@@UEBAPEAVPxSimulationTetrahedronMeshData@2@AEBVPxTetrahedronMeshDesc@2@@Z 0000000180001b80 f   Cooking.obj
 0001:00000b90       ?cookBVH@Cooking@physx@@UEBA_NAEBVPxBVHDesc@2@AEAVPxOutputStream@2@@Z 0000000180001b90 f   Cooking.obj
 0001:00000ba0       ?cookConvexMesh@Cooking@physx@@UEBA_NAEBVPxConvexMeshDesc@2@AEAVPxOutputStream@2@PEAW4Enum@PxConvexMeshCookingResult@2@@Z 0000000180001ba0 f   Cooking.obj
 0001:00000bb0       ?cookHeightField@Cooking@physx@@UEBA_NAEBVPxHeightFieldDesc@2@AEAVPxOutputStream@2@@Z 0000000180001bb0 f   Cooking.obj
 0001:00000bc0       ?cookSoftBodyMesh@Cooking@physx@@UEBA_NAEBVPxTetrahedronMeshDesc@2@0AEBVPxSoftBodySimulationDataDesc@2@AEAVPxOutputStream@2@@Z 0000000180001bc0 f   Cooking.obj
 0001:00000bd0       ?cookTetrahedronMesh@Cooking@physx@@UEBA_NAEBVPxTetrahedronMeshDesc@2@AEAVPxOutputStream@2@@Z 0000000180001bd0 f   Cooking.obj
 0001:00000be0       ?cookTriangleMesh@Cooking@physx@@UEBA_NAEBVPxTriangleMeshDesc@2@AEAVPxOutputStream@2@PEAW4Enum@PxTriangleMeshCookingResult@2@@Z 0000000180001be0 f   Cooking.obj
 0001:00000bf0       ?createBVH@Cooking@physx@@UEBAPEAVPxBVH@2@AEBVPxBVHDesc@2@AEAVPxInsertionCallback@2@@Z 0000000180001bf0 f   Cooking.obj
 0001:00000c00       ?createConvexMesh@Cooking@physx@@UEBAPEAVPxConvexMesh@2@AEBVPxConvexMeshDesc@2@AEAVPxInsertionCallback@2@PEAW4Enum@PxConvexMeshCookingResult@2@@Z 0000000180001c00 f   Cooking.obj
 0001:00000c10       ?createHeightField@Cooking@physx@@UEBAPEAVPxHeightField@2@AEBVPxHeightFieldDesc@2@AEAVPxInsertionCallback@2@@Z 0000000180001c10 f   Cooking.obj
 0001:00000c20       ?createSoftBodyMesh@Cooking@physx@@UEBAPEAVPxSoftBodyMesh@2@AEBVPxTetrahedronMeshDesc@2@0AEBVPxSoftBodySimulationDataDesc@2@AEAVPxInsertionCallback@2@@Z 0000000180001c20 f   Cooking.obj
 0001:00000c30       ?createTetrahedronMesh@Cooking@physx@@UEBAPEAVPxTetrahedronMesh@2@AEBVPxTetrahedronMeshDesc@2@AEAVPxInsertionCallback@2@@Z 0000000180001c30 f   Cooking.obj
 0001:00000c40       ?createTriangleMesh@Cooking@physx@@UEBAPEAVPxTriangleMesh@2@AEBVPxTriangleMeshDesc@2@AEAVPxInsertionCallback@2@PEAW4Enum@PxTriangleMeshCookingResult@2@@Z 0000000180001c40 f   Cooking.obj
 0001:00000c50       ?getBounds@AABBTreeBounds@Gu@physx@@QEBAPEBVPxBounds3@3@XZ 0000000180001c50 f i Cooking.obj
 0001:00000c50       ?getBounds@AABBTreeBounds@Gu@physx@@QEAAPEAVPxBounds3@3@XZ 0000000180001c50 f i Cooking.obj
 0001:00000c60       ?getNbRuntimePrimitives@AABBTreeBuildNode@Gu@physx@@QEBAIXZ 0000000180001c60 f i Cooking.obj
 0001:00000c60       ?getNbPrimitives@AABBTreeBuildNode@Gu@physx@@QEBAIXZ 0000000180001c60 f i Cooking.obj
 0001:00000c70       ?getNeg@AABBTreeBuildNode@Gu@physx@@QEBAPEBV123@XZ 0000000180001c70 f i Cooking.obj
 0001:00000c90       ?getParams@Cooking@physx@@UEBAAEBUPxCookingParams@2@XZ 0000000180001c90 f   Cooking.obj
 0001:00000ca0       ?getPos@AABBTreeBuildNode@Gu@physx@@QEBAPEBV123@XZ 0000000180001ca0 f i Cooking.obj
 0001:00000cb0       ?getPrimitives@AABBTreeBuildNode@Gu@physx@@QEAAPEAIPEAI@Z 0000000180001cb0 f i Cooking.obj
 0001:00000cb0       ?getPrimitives@AABBTreeBuildNode@Gu@physx@@QEBAPEBIPEBI@Z 0000000180001cb0 f i Cooking.obj
 0001:00000cc0       PxGetStandaloneInsertionCallback 0000000180001cc0 f   Cooking.obj
 0001:00000cc0       ?getStandaloneInsertionCallback@Cooking@physx@@UEAAAEAVPxInsertionCallback@2@XZ 0000000180001cc0 f   Cooking.obj
 0001:00000cd0       ?isLeaf@AABBTreeBuildNode@Gu@physx@@QEBA_NXZ 0000000180001cd0 f i Cooking.obj
 0001:00000ce0       ?moveFrom@AABBTreeBounds@Gu@physx@@QEAAXAEAV123@@Z 0000000180001ce0 f i Cooking.obj
 0001:00000cf0       ?outputCapsule@PxRenderOutput@physx@@QEAAAEAV12@MMAEBV?$PxMat44T@M@2@@Z 0000000180001cf0 f i Cooking.obj
 0001:00001a00       ?outputSegment@PxRenderOutput@physx@@QEAAXAEBV?$PxVec3T@M@2@0@Z 0000000180002a00 f i Cooking.obj
 0001:00001a70       ?ownsMemory@AABBTreeBounds@Gu@physx@@QEBA_NXZ 0000000180002a70 f i Cooking.obj
 0001:00001a80       ?platformMismatch@Cooking@physx@@UEBA_NXZ 0000000180002a80 f   Cooking.obj
 0001:00001a90       ?recreate@?$PxArray@USlab@NodeAllocator@Gu@physx@@V?$PxReflectionAllocator@USlab@NodeAllocator@Gu@physx@@@4@@physx@@IEAAXI@Z 0000000180002a90 f i Cooking.obj
 0001:00001b40       ?release@Cooking@physx@@UEAAXXZ 0000000180002b40 f   Cooking.obj
 0001:00001b60       ?reservePoints@PxRenderOutput@physx@@QEAAPEAUPxDebugPoint@2@I@Z 0000000180002b60 f i Cooking.obj
 0001:00001b70       ?reserveSegments@PxRenderOutput@physx@@QEAAPEAUPxDebugLine@2@I@Z 0000000180002b70 f i Cooking.obj
 0001:00001b80       ?setBounds@AABBTreeBounds@Gu@physx@@QEAAXPEAVPxBounds3@3@@Z 0000000180002b80 f i Cooking.obj
 0001:00001b90       ?setNbRunTimePrimitives@AABBTreeBuildNode@Gu@physx@@QEAAXI@Z 0000000180002b90 f i Cooking.obj
 0001:00001ba0       ?setParams@Cooking@physx@@UEAAXAEBUPxCookingParams@2@@Z 0000000180002ba0 f   Cooking.obj
 0001:00001c00       ?takeOwnership@AABBTreeBounds@Gu@physx@@QEAAXXZ 0000000180002c00 f i Cooking.obj
 0001:00001c10       ?validateConvexMesh@Cooking@physx@@UEBA_NAEBVPxConvexMeshDesc@2@@Z 0000000180002c10 f   Cooking.obj
 0001:00001c20       ?validateTriangleMesh@Cooking@physx@@UEBA_NAEBVPxTriangleMeshDesc@2@@Z 0000000180002c20 f   Cooking.obj
 0001:00001c30       PxAssembleSoftBodyMesh     0000000180002c30 f   Cooking.obj
 0001:00001c40       PxAssembleSoftBodyMesh_Sim 0000000180002c40 f   Cooking.obj
 0001:00001c50       PxComputeCollisionData     0000000180002c50 f   Cooking.obj
 0001:00001c60       PxComputeHullPolygons      0000000180002c60 f   Cooking.obj
 0001:00001c70       PxComputeModelsMapping     0000000180002c70 f   Cooking.obj
 0001:00001c80       PxComputeSimulationData    0000000180002c80 f   Cooking.obj
 0001:00001c90       PxCookBVH                  0000000180002c90 f   Cooking.obj
 0001:00001ca0       PxCookConvexMesh           0000000180002ca0 f   Cooking.obj
 0001:00001cb0       PxCookHeightField          0000000180002cb0 f   Cooking.obj
 0001:00001cc0       PxCookSoftBodyMesh         0000000180002cc0 f   Cooking.obj
 0001:00001cd0       PxCookTetrahedronMesh      0000000180002cd0 f   Cooking.obj
 0001:00001ce0       PxCookTriangleMesh         0000000180002ce0 f   Cooking.obj
 0001:00001cf0       PxCreateBVH                0000000180002cf0 f   Cooking.obj
 0001:00001d00       PxCreateBVHInternal        0000000180002d00 f   Cooking.obj
 0001:00001dc0       PxCreateConvexMesh         0000000180002dc0 f   Cooking.obj
 0001:00001dd0       PxCreateCooking            0000000180002dd0 f   Cooking.obj
 0001:00001ec0       PxCreateHeightField        0000000180002ec0 f   Cooking.obj
 0001:00001ed0       PxCreateSoftBodyMesh       0000000180002ed0 f   Cooking.obj
 0001:00001ee0       PxCreateTetrahedronMesh    0000000180002ee0 f   Cooking.obj
 0001:00001ef0       PxCreateTriangleMesh       0000000180002ef0 f   Cooking.obj
 0001:00001f00       PxCreateTriangleMeshInternal 0000000180002f00 f   Cooking.obj
 0001:00001fb0       PxValidateConvexMesh       0000000180002fb0 f   Cooking.obj
 0001:00001fc0       PxValidateTriangleMesh     0000000180002fc0 f   Cooking.obj
 0001:00001fd0       ?cookingDelayHook@@YAP6A_JXZIPEAUDelayLoadInfo@@@Z 0000000180002fd0 f   WindowsCookingDelayLoadHook.obj
 0001:000020b0       PxSetPhysXCookingDelayLoadHook 00000001800030b0 f   WindowsCookingDelayLoadHook.obj
 0001:000020b8       __imp_load_getInsertionCallback 00000001800030b8 f   PhysXCommon_64:PhysXCommon_64.dll
 0001:000020c4       getInsertionCallback       00000001800030c4 f   PhysXCommon_64:PhysXCommon_64.dll
 0001:000020ca       __tailMerge_physxcommon_64_dll 00000001800030ca     PhysXCommon_64:PhysXCommon_64.dll
 0001:00002143       __imp_load_cookBVH         0000000180003143 f   PhysXCommon_64:PhysXCommon_64.dll
 0001:0000214f       cookBVH                    000000018000314f f   PhysXCommon_64:PhysXCommon_64.dll
 0001:00002155       __imp_load_createBVH       0000000180003155 f   PhysXCommon_64:PhysXCommon_64.dll
 0001:00002161       createBVH                  0000000180003161 f   PhysXCommon_64:PhysXCommon_64.dll
 0001:00002167       __imp_load_cookHeightField 0000000180003167 f   PhysXCommon_64:PhysXCommon_64.dll
 0001:00002173       cookHeightField            0000000180003173 f   PhysXCommon_64:PhysXCommon_64.dll
 0001:00002179       __imp_load_createHeightField 0000000180003179 f   PhysXCommon_64:PhysXCommon_64.dll
 0001:00002185       createHeightField          0000000180003185 f   PhysXCommon_64:PhysXCommon_64.dll
 0001:0000218b       __imp_load_cookConvexMesh  000000018000318b f   PhysXCommon_64:PhysXCommon_64.dll
 0001:00002197       cookConvexMesh             0000000180003197 f   PhysXCommon_64:PhysXCommon_64.dll
 0001:0000219d       __imp_load_createConvexMesh 000000018000319d f   PhysXCommon_64:PhysXCommon_64.dll
 0001:000021a9       createConvexMesh           00000001800031a9 f   PhysXCommon_64:PhysXCommon_64.dll
 0001:000021af       __imp_load_validateConvexMesh 00000001800031af f   PhysXCommon_64:PhysXCommon_64.dll
 0001:000021bb       validateConvexMesh         00000001800031bb f   PhysXCommon_64:PhysXCommon_64.dll
 0001:000021c1       __imp_load_computeHullPolygons 00000001800031c1 f   PhysXCommon_64:PhysXCommon_64.dll
 0001:000021cd       computeHullPolygons        00000001800031cd f   PhysXCommon_64:PhysXCommon_64.dll
 0001:000021d3       __imp_load_validateTriangleMesh 00000001800031d3 f   PhysXCommon_64:PhysXCommon_64.dll
 0001:000021df       validateTriangleMesh       00000001800031df f   PhysXCommon_64:PhysXCommon_64.dll
 0001:000021e5       __imp_load_createTriangleMesh 00000001800031e5 f   PhysXCommon_64:PhysXCommon_64.dll
 0001:000021f1       createTriangleMesh         00000001800031f1 f   PhysXCommon_64:PhysXCommon_64.dll
 0001:000021f7       __imp_load_cookTriangleMesh 00000001800031f7 f   PhysXCommon_64:PhysXCommon_64.dll
 0001:00002203       cookTriangleMesh           0000000180003203 f   PhysXCommon_64:PhysXCommon_64.dll
 0001:00002209       __imp_load_cookTetrahedronMesh 0000000180003209 f   PhysXCommon_64:PhysXCommon_64.dll
 0001:00002215       cookTetrahedronMesh        0000000180003215 f   PhysXCommon_64:PhysXCommon_64.dll
 0001:0000221b       __imp_load_createTetrahedronMesh 000000018000321b f   PhysXCommon_64:PhysXCommon_64.dll
 0001:00002227       createTetrahedronMesh      0000000180003227 f   PhysXCommon_64:PhysXCommon_64.dll
 0001:0000222d       __imp_load_cookSoftBodyMesh 000000018000322d f   PhysXCommon_64:PhysXCommon_64.dll
 0001:00002239       cookSoftBodyMesh           0000000180003239 f   PhysXCommon_64:PhysXCommon_64.dll
 0001:0000223f       __imp_load_createSoftBodyMesh 000000018000323f f   PhysXCommon_64:PhysXCommon_64.dll
 0001:0000224b       createSoftBodyMesh         000000018000324b f   PhysXCommon_64:PhysXCommon_64.dll
 0001:00002251       __imp_load_computeModelsMapping 0000000180003251 f   PhysXCommon_64:PhysXCommon_64.dll
 0001:0000225d       computeModelsMapping       000000018000325d f   PhysXCommon_64:PhysXCommon_64.dll
 0001:00002263       __imp_load_computeCollisionData 0000000180003263 f   PhysXCommon_64:PhysXCommon_64.dll
 0001:0000226f       computeCollisionData       000000018000326f f   PhysXCommon_64:PhysXCommon_64.dll
 0001:00002275       __imp_load_computeSimulationData 0000000180003275 f   PhysXCommon_64:PhysXCommon_64.dll
 0001:00002281       computeSimulationData      0000000180003281 f   PhysXCommon_64:PhysXCommon_64.dll
 0001:00002287       __imp_load_assembleSoftBodyMesh 0000000180003287 f   PhysXCommon_64:PhysXCommon_64.dll
 0001:00002293       assembleSoftBodyMesh       0000000180003293 f   PhysXCommon_64:PhysXCommon_64.dll
 0001:00002299       __imp_load_assembleSoftBodyMesh_Sim 0000000180003299 f   PhysXCommon_64:PhysXCommon_64.dll
 0001:000022a5       assembleSoftBodyMesh_Sim   00000001800032a5 f   PhysXCommon_64:PhysXCommon_64.dll
 0001:000022ab       __imp_load_?release@AABBTreeBounds@Gu@physx@@QEAAXXZ 00000001800032ab f   PhysXCommon_64:PhysXCommon_64.dll
 0001:000022b7       ?release@AABBTreeBounds@Gu@physx@@QEAAXXZ 00000001800032b7 f   PhysXCommon_64:PhysXCommon_64.dll
 0001:000022bd       __imp_load_??0BVH@Gu@physx@@QEAA@AEBUPxBVHInternalData@2@@Z 00000001800032bd f   PhysXCommon_64:PhysXCommon_64.dll
 0001:000022c9       ??0BVH@Gu@physx@@QEAA@AEBUPxBVHInternalData@2@@Z 00000001800032c9 f   PhysXCommon_64:PhysXCommon_64.dll
 0001:000022cf       __imp_load_??0BV4TriangleMesh@Gu@physx@@QEAA@AEBUPxTriangleMeshInternalData@2@@Z 00000001800032cf f   PhysXCommon_64:PhysXCommon_64.dll
 0001:000022db       ??0BV4TriangleMesh@Gu@physx@@QEAA@AEBUPxTriangleMeshInternalData@2@@Z 00000001800032db f   PhysXCommon_64:PhysXCommon_64.dll
 0001:000022e1       __imp_load_PxGetFoundation 00000001800032e1 f   PhysXFoundation_64:PhysXFoundation_64.dll
 0001:000022ed       PxGetFoundation            00000001800032ed f   PhysXFoundation_64:PhysXFoundation_64.dll
 0001:000022f3       __tailMerge_physxfoundation_64_dll 00000001800032f3     PhysXFoundation_64:PhysXFoundation_64.dll
 0001:0000236c       __imp_load_PxGetBroadcastAllocator 000000018000336c f   PhysXFoundation_64:PhysXFoundation_64.dll
 0001:00002378       PxGetBroadcastAllocator    0000000180003378 f   PhysXFoundation_64:PhysXFoundation_64.dll
 0001:0000237e       __imp_load_PxDecFoundationRefCount 000000018000337e f   PhysXFoundation_64:PhysXFoundation_64.dll
 0001:0000238a       PxDecFoundationRefCount    000000018000338a f   PhysXFoundation_64:PhysXFoundation_64.dll
 0001:00002390       __imp_load_PxIncFoundationRefCount 0000000180003390 f   PhysXFoundation_64:PhysXFoundation_64.dll
 0001:0000239c       PxIncFoundationRefCount    000000018000339c f   PhysXFoundation_64:PhysXFoundation_64.dll
 0001:000023a4       ?DloadAcquireSectionWriteAccess@@YAXXZ 00000001800033a4 f i Delayimp:delayhlp.obj
 0001:00002450       ?DloadGetSRWLockFunctionPointers@@YAEXZ 0000000180003450 f i Delayimp:delayhlp.obj
 0001:000024ec       ?DloadMakePermanentImageCommit@@YAXPEAX_K@Z 00000001800034ec f i Delayimp:delayhlp.obj
 0001:00002584       ?DloadObtainSection@@YAPEAXPEAK0@Z 0000000180003584 f i Delayimp:delayhlp.obj
 0001:00002620       ?DloadProtectSection@@YAXKPEAK@Z 0000000180003620 f i Delayimp:delayhlp.obj
 0001:000026b0       ?DloadReleaseSectionWriteAccess@@YAXXZ 00000001800036b0 f i Delayimp:delayhlp.obj
 0001:00002744       __delayLoadHelper2         0000000180003744 f   Delayimp:delayhlp.obj
 0001:00002a18       ??3@YAXPEAX@Z              0000000180003a18 f   LIBCMT:delete_scalar.obj
 0001:00002a20       ??3@YAXPEAX_K@Z            0000000180003a20 f   LIBCMT:delete_scalar_size.obj
 0001:00002a20       ??_V@YAXPEAX@Z             0000000180003a20 f   LIBCMT:delete_array.obj
 0001:00002a28       ??_V@YAXPEAX_K@Z           0000000180003a28 f   LIBCMT:delete_array_size.obj
 0001:00002a30       __vdecl_sinf4              0000000180003a30 f   LIBCMT:svml_ssinf4_dispatch.obj
 0001:00002a50       __libm_sse2_sincosf_       0000000180003a50 f   LIBCMT:svml_ssinf4_dispatch.obj
 0001:00002a93       __libm_sse2_sincosf4_      0000000180003a93 f   LIBCMT:svml_ssinf4_dispatch.obj
 0001:00002aa0       ??_Gtype_info@@UEAAPEAXI@Z 0000000180003aa0 f i LIBCMT:std_type_info_static.obj
 0001:00002aa0       ??_Etype_info@@UEAAPEAXI@Z 0000000180003aa0 f i LIBCMT:std_type_info_static.obj
 0001:00002acc       ?__scrt_initialize_type_info@@YAXXZ 0000000180003acc f   LIBCMT:tncleanup.obj
 0001:00002adc       ?__scrt_uninitialize_type_info@@YAXXZ 0000000180003adc f   LIBCMT:tncleanup.obj
 0001:00002e08       _DllMainCRTStartup         0000000180003e08 f   LIBCMT:dll_dllmain.obj
 0001:00002e48       __isa_available_init       0000000180003e48 f   LIBCMT:cpu_disp.obj
 0001:00002ff0       __sse2_sinf4@@16           0000000180003ff0 f   LIBCMT:svml_ssinf4_sse2.obj
 0001:00003930       __sse4_sinf4@@16           0000000180004930 f   LIBCMT:svml_ssinf4_sse4.obj
 0001:000040a4       __security_init_cookie     00000001800050a4 f   LIBCMT:gs_support.obj
 0001:00004150       ?raw_length@charNode@@UEBAHXZ 0000000180005150 f   libvcruntime:undname.obj
 0001:00004150       ?length@charNode@@UEBAHXZ  0000000180005150 f   libvcruntime:undname.obj
 0001:00004150       DllMain                    0000000180005150 f   LIBCMT:dll_dllmain_stub.obj
 0001:00004150       _get_startup_argv_mode     0000000180005150 f   LIBCMT:argv_mode.obj
 0001:00004158       __local_stdio_printf_options 0000000180005158 f i LIBCMT:default_local_stdio_options.obj
 0001:00004160       __local_stdio_scanf_options 0000000180005160 f i LIBCMT:default_local_stdio_options.obj
 0001:00004168       __scrt_initialize_default_local_stdio_options 0000000180005168 f   LIBCMT:default_local_stdio_options.obj
 0001:00004184       __scrt_acquire_startup_lock 0000000180005184 f   LIBCMT:utility.obj
 0001:000041c0       __scrt_dllmain_after_initialize_c 00000001800051c0 f   LIBCMT:utility.obj
 0001:000041f4       __scrt_dllmain_before_initialize_c 00000001800051f4 f   LIBCMT:utility.obj
 0001:0000420c       __scrt_dllmain_crt_thread_attach 000000018000520c f   LIBCMT:utility.obj
 0001:00004234       __scrt_dllmain_crt_thread_detach 0000000180005234 f   LIBCMT:utility.obj
 0001:0000424c       __scrt_dllmain_exception_filter 000000018000524c f   LIBCMT:utility.obj
 0001:000042ac       __scrt_dllmain_uninitialize_c 00000001800052ac f   LIBCMT:utility.obj
 0001:000042dc       __scrt_dllmain_uninitialize_critical 00000001800052dc f   LIBCMT:utility.obj
 0001:000042f0       __scrt_initialize_crt      00000001800052f0 f   LIBCMT:utility.obj
 0001:0000433c       __scrt_initialize_onexit_tables 000000018000533c f   LIBCMT:utility.obj
 0001:000043c8       __scrt_is_nonwritable_in_current_image 00000001800053c8 f   LIBCMT:utility.obj
 0001:00004460       __scrt_release_startup_lock 0000000180005460 f   LIBCMT:utility.obj
 0001:00004484       __scrt_uninitialize_crt    0000000180005484 f   LIBCMT:utility.obj
 0001:000044b0       __scrt_get_dyn_tls_init_callback 00000001800054b0 f   LIBCMT:dyn_tls_init.obj
 0001:000044b8       __crt_debugger_hook        00000001800054b8 f   LIBCMT:utility_desktop.obj
 0001:000044c0       __scrt_fastfail            00000001800054c0 f   LIBCMT:utility_desktop.obj
 0001:0000460c       _RTC_Initialize            000000018000560c f   LIBCMT:initsect.obj
 0001:00004648       _RTC_Terminate             0000000180005648 f   LIBCMT:initsect.obj
 0001:00004690       __common_ssin_cout_rare    0000000180005690 f   LIBCMT:svml_s_sin_cout.obj
 0001:00004700       __scrt_is_ucrt_dll_in_use  0000000180005700 f   LIBCMT:ucrt_detection.obj
 0001:0000470c       _get_purecall_handler      000000018000570c f   libvcruntime:purevirt.obj
 0001:00004718       _purecall                  0000000180005718 f   libvcruntime:purevirt.obj
 0001:0000473c       __std_type_info_compare    000000018000573c f   libvcruntime:std_type_info.obj
 0001:00004764       __std_type_info_destroy_list 0000000180005764 f   libvcruntime:std_type_info.obj
 0001:00004790       __std_type_info_name       0000000180005790 f   libvcruntime:std_type_info.obj
 0001:000048c0       memset_repmovs             00000001800058c0 f   libvcruntime:memset.obj
 0001:000048e0       memset                     00000001800058e0 f   libvcruntime:memset.obj
 0001:00004a70       strstr                     0000000180005a70 f   libvcruntime:strstr.obj
 0001:00004c6c       __C_specific_handler       0000000180005c6c f   libvcruntime:riscchandler.obj
 0001:00004e78       __vcrt_initialize          0000000180005e78 f   libvcruntime:initialization.obj
 0001:00004ea0       __vcrt_thread_attach       0000000180005ea0 f   libvcruntime:initialization.obj
 0001:00004eb4       __vcrt_thread_detach       0000000180005eb4 f   libvcruntime:initialization.obj
 0001:00004ec8       __vcrt_uninitialize        0000000180005ec8 f   libvcruntime:initialization.obj
 0001:00004ee4       __vcrt_uninitialize_critical 0000000180005ee4 f   libvcruntime:initialization.obj
 0001:00004ef4       __DestructExceptionObject  0000000180005ef4 f   libvcruntime:ehhelpers.obj
 0001:00004f64       ?_CallMemberFunction0@@YAXQEAX0@Z 0000000180005f64 f i libvcruntime:ehhelpers.obj
 0001:00004f68       _IsExceptionObjectToBeDestroyed 0000000180005f68 f   libvcruntime:ehhelpers.obj
 0001:00004f98       __AdjustPointer            0000000180005f98 f   libvcruntime:ehhelpers.obj
 0001:00004fbc       __FrameUnwindFilter        0000000180005fbc f   libvcruntime:ehhelpers.obj
 0001:00005024       __std_terminate            0000000180006024 f   libvcruntime:ehhelpers.obj
 0001:00005030       ??$?0$00@DName@@QEAA@PEBDU?$StringLifeSelector@$00@@@Z 0000000180006030 f i libvcruntime:undname.obj
 0001:00005070       ??$?0$01@DName@@QEAA@PEBDU?$StringLifeSelector@$01@@@Z 0000000180006070 f i libvcruntime:undname.obj
 0001:00005070       ??$?0$0A@@DName@@QEAA@PEBDU?$StringLifeSelector@$0A@@@@Z 0000000180006070 f i libvcruntime:undname.obj
 0001:000050b0       ??$?0$0A@@pcharNode@@QEAA@PEBDHU?$StringLifeSelector@$0A@@@@Z 00000001800060b0 f i libvcruntime:undname.obj
 0001:000050b0       ??$?0$01@pcharNode@@QEAA@PEBDHU?$StringLifeSelector@$01@@@Z 00000001800060b0 f i libvcruntime:undname.obj
 0001:00005124       ??$append@VpcharNode@@@DName@@AEAAXPEBVpcharNode@@@Z 0000000180006124 f i libvcruntime:undname.obj
 0001:00005124       ??$append@VDNameStatusNode@@@DName@@AEAAXPEBVDNameStatusNode@@@Z 0000000180006124 f i libvcruntime:undname.obj
 0001:00005124       ??$append@VcharNode@@@DName@@AEAAXPEBVcharNode@@@Z 0000000180006124 f i libvcruntime:undname.obj
 0001:00005124       ??$append@VDNameNode@@@DName@@AEAAXPEBVDNameNode@@@Z 0000000180006124 f i libvcruntime:undname.obj
 0001:00005188       ??$doPchar@$00@DName@@AEAAXPEBDH@Z 0000000180006188 f i libvcruntime:undname.obj
 0001:0000522c       ??$doPchar@$0A@@DName@@AEAAXPEBDH@Z 000000018000622c f i libvcruntime:undname.obj
 0001:0000522c       ??$doPchar@$01@DName@@AEAAXPEBDH@Z 000000018000622c f i libvcruntime:undname.obj
 0001:000052c4       ??0DName@@QEAA@AEAPEBDD@Z  00000001800062c4 f   libvcruntime:undname.obj
 0001:00005374       ??0DName@@QEAA@AEBUStringLiteral@@@Z 0000000180006374 f   libvcruntime:undname.obj
 0001:000053a0       ??0DName@@QEAA@PEAV0@@Z    00000001800063a0 f   libvcruntime:undname.obj
 0001:00005424       ??0DName@@QEAA@_J@Z        0000000180006424 f   libvcruntime:undname.obj
 0001:000054cc       ??0DName@@QEAA@_K@Z        00000001800064cc f   libvcruntime:undname.obj
 0001:0000555c       ??2@YAPEAX_KAEAV_HeapManager@@H@Z 000000018000655c f   libvcruntime:undname.obj
 0001:00005588       ??AReplicator@@QEBA?AVDName@@H@Z 0000000180006588 f   libvcruntime:undname.obj
 0001:000055c8       ??HDName@@QEBA?AV0@AEBUStringLiteral@@@Z 00000001800065c8 f   libvcruntime:undname.obj
 0001:000055f4       ??HDName@@QEBA?AV0@AEBV0@@Z 00000001800065f4 f   libvcruntime:undname.obj
 0001:00005620       ??HDName@@QEBA?AV0@D@Z     0000000180006620 f   libvcruntime:undname.obj
 0001:0000564c       ??HDName@@QEBA?AV0@W4DNameStatus@@@Z 000000018000664c f   libvcruntime:undname.obj
 0001:00005678       ??YDName@@QEAAAEAV0@AEBUStringLiteral@@@Z 0000000180006678 f   libvcruntime:undname.obj
 0001:000056f8       ??YDName@@QEAAAEAV0@AEBV0@@Z 00000001800066f8 f   libvcruntime:undname.obj
 0001:000057ac       ??YDName@@QEAAAEAV0@D@Z    00000001800067ac f   libvcruntime:undname.obj
 0001:00005818       ??YDName@@QEAAAEAV0@W4DNameStatus@@@Z 0000000180006818 f   libvcruntime:undname.obj
 0001:00005884       ??YReplicator@@QEAAAEAV0@AEBVDName@@@Z 0000000180006884 f   libvcruntime:undname.obj
 0001:000058dc       ?UScore@UnDecorator@@SA?AUStringLiteral@@W4Tokens@@@Z 00000001800068dc f   libvcruntime:undname.obj
 0001:00005928       ?composeDeclaration@UnDecorator@@CA?AVDName@@AEBV2@@Z 0000000180006928 f i libvcruntime:undname.obj
 0001:000067d0       ?doPchar@DName@@AEAAXD@Z   00000001800077d0 f   libvcruntime:undname.obj
 0001:00006820       ?getAddressOf@UnDecorator@@CA?AVDName@@XZ 0000000180007820 f   libvcruntime:undname.obj
 0001:000068b0       ?getArgumentList@UnDecorator@@CA?AVDName@@XZ 00000001800078b0 f   libvcruntime:undname.obj
 0001:00006a44       ?getArgumentTypes@UnDecorator@@CA?AVDName@@XZ 0000000180007a44 f   libvcruntime:undname.obj
 0001:00006ba0       ?getArrayAccess@UnDecorator@@CA?AVDName@@XZ 0000000180007ba0 f   libvcruntime:undname.obj
 0001:00006c3c       ?getArrayObject@UnDecorator@@CA?AVDName@@XZ 0000000180007c3c f   libvcruntime:undname.obj
 0001:00006d04       ?getArrayType@UnDecorator@@CA?AVDName@@AEBV2@@Z 0000000180007d04 f i libvcruntime:undname.obj
 0001:00006f4c       ?getBasedType@UnDecorator@@CA?AVDName@@XZ 0000000180007f4c f   libvcruntime:undname.obj
 0001:00007044       ?getBasicDataType@UnDecorator@@CA?AVDName@@AEBV2@@Z 0000000180008044 f   libvcruntime:undname.obj
 0001:000075f4       ?getCallingConvention@UnDecorator@@CA?AVDName@@XZ 00000001800085f4 f   libvcruntime:undname.obj
 0001:00007734       ?getDataIndirectType@UnDecorator@@CA?AVDName@@AEBV2@W4IndirectionKind@@0H@Z 0000000180008734 f   libvcruntime:undname.obj
 0001:00007fcc       ?getDataType@UnDecorator@@CA?AVDName@@PEAV2@@Z 0000000180008fcc f   libvcruntime:undname.obj
 0001:000080e0       ?getDecoratedName@UnDecorator@@CA?AVDName@@XZ 00000001800090e0 f   libvcruntime:undname.obj
 0001:000083c4       ?getDimension@UnDecorator@@CA?AVDName@@_N@Z 00000001800093c4 f   libvcruntime:undname.obj
 0001:00008510       ?getDispatchTarget@UnDecorator@@CA?AVDName@@XZ 0000000180009510 f   libvcruntime:undname.obj
 0001:0000855c       ?getECSUDataType@UnDecorator@@CA?AVDName@@XZ 000000018000955c f   libvcruntime:undname.obj
 0001:0000873c       ?getEnumType@UnDecorator@@CA?AVDName@@XZ 000000018000973c f i libvcruntime:undname.obj
 0001:0000886c       ?getExtendedDataIndirectType@UnDecorator@@CA?AVDName@@AEAW4IndirectionKind@@AEA_NH@Z 000000018000986c f   libvcruntime:undname.obj
 0001:00008a74       ?getExternalDataType@UnDecorator@@CA?AVDName@@AEBV2@@Z 0000000180009a74 f i libvcruntime:undname.obj
 0001:00008b34       ?getFloatingPoint@UnDecorator@@CA?AVDName@@H@Z 0000000180009b34 f   libvcruntime:undname.obj
 0001:00008c5c       ?getFunctionIndirectType@UnDecorator@@CA?AVDName@@AEBV2@@Z 0000000180009c5c f   libvcruntime:undname.obj
 0001:00009194       ?getLastChar@DNameStatusNode@@UEBADXZ 000000018000a194 f i libvcruntime:undname.obj
 0001:000091a0       ?getLastChar@charNode@@UEBADXZ 000000018000a1a0 f i libvcruntime:undname.obj
 0001:000091a4       ?getLastChar@pDNameNode@@UEBADXZ 000000018000a1a4 f i libvcruntime:undname.obj
 0001:000091d0       ?getLastChar@pairNode@@UEBADXZ 000000018000a1d0 f i libvcruntime:undname.obj
 0001:00009208       ?getLastChar@pcharNode@@UEBADXZ 000000018000a208 f i libvcruntime:undname.obj
 0001:0000921c       ?getLexicalFrame@UnDecorator@@CA?AVDName@@XZ 000000018000a21c f i libvcruntime:undname.obj
 0001:00009280       ?getMemberAccess@UnDecorator@@CA?AVDName@@XZ 000000018000a280 f   libvcruntime:undname.obj
 0001:00009314       ?getMemoryWithBuffer@_HeapManager@@QEAAPEAX_K@Z 000000018000a314 f   libvcruntime:undname.obj
 0001:000093a4       ?getNoexcept@UnDecorator@@CA?AVDName@@XZ 000000018000a3a4 f   libvcruntime:undname.obj
 0001:00009408       ?getNumberOfDimensions@UnDecorator@@CAHXZ 000000018000a408 f   libvcruntime:undname.obj
 0001:0000947c       ?getOperatorName@UnDecorator@@CA?AVDName@@_NPEA_N@Z 000000018000a47c f i libvcruntime:undname.obj
 0001:00009e70       ?getPointerToMember@UnDecorator@@CA?AVDName@@XZ 000000018000ae70 f   libvcruntime:undname.obj
 0001:00009f68       ?getPrimaryDataType@UnDecorator@@CA?AVDName@@AEBV2@@Z 000000018000af68 f   libvcruntime:undname.obj
 0001:0000a21c       ?getPtrRefDataType@UnDecorator@@CA?AVDName@@AEBV2@H@Z 000000018000b21c f   libvcruntime:undname.obj
 0001:0000a3e8       ?getPtrRefType@UnDecorator@@CA?AVDName@@AEBV2@0W4IndirectionKind@@@Z 000000018000b3e8 f   libvcruntime:undname.obj
 0001:0000a5c0       ?getRestrictionSpec@UnDecorator@@CA?AVDName@@XZ 000000018000b5c0 f   libvcruntime:undname.obj
 0001:0000a78c       ?getReturnType@UnDecorator@@CA?AVDName@@PEAV2@@Z 000000018000b78c f   libvcruntime:undname.obj
 0001:0000a7c0       ?getScope@UnDecorator@@CA?AVDName@@XZ 000000018000b7c0 f   libvcruntime:undname.obj
 0001:0000ac74       ?getScopedName@UnDecorator@@CA?AVDName@@XZ 000000018000bc74 f   libvcruntime:undname.obj
 0001:0000adb0       ?getSignedDimension@UnDecorator@@CA?AVDName@@XZ 000000018000bdb0 f   libvcruntime:undname.obj
 0001:0000ae38       ?getString@DNameStatusNode@@UEBAPEADPEAD0@Z 000000018000be38 f i libvcruntime:undname.obj
 0001:0000ae80       ?getString@charNode@@UEBAPEADPEAD0@Z 000000018000be80 f i libvcruntime:undname.obj
 0001:0000ae94       ?getString@pDNameNode@@UEBAPEADPEAD0@Z 000000018000be94 f i libvcruntime:undname.obj
 0001:0000aec4       ?getString@pairNode@@UEBAPEADPEAD0@Z 000000018000bec4 f i libvcruntime:undname.obj
 0001:0000af10       ?getString@pcharNode@@UEBAPEADPEAD0@Z 000000018000bf10 f i libvcruntime:undname.obj
 0001:0000af48       ?getStringEncoding@UnDecorator@@CA?AVDName@@W4PrefixKind@@H@Z 000000018000bf48 f   libvcruntime:undname.obj
 0001:0000b02c       ?getStringObject@UnDecorator@@CA?AVDName@@XZ 000000018000c02c f   libvcruntime:undname.obj
 0001:0000b094       ?getSymbolName@UnDecorator@@CA?AVDName@@XZ 000000018000c094 f i libvcruntime:undname.obj
 0001:0000b0e0       ?getTemplateArgumentList@UnDecorator@@CA?AVDName@@XZ 000000018000c0e0 f   libvcruntime:undname.obj
 0001:0000b354       ?getTemplateName@UnDecorator@@CA?AVDName@@_N@Z 000000018000c354 f   libvcruntime:undname.obj
 0001:0000b5e8       ?getTemplateNonTypeArgument@UnDecorator@@CA?AVDName@@XZ 000000018000c5e8 f   libvcruntime:undname.obj
 0001:0000bb1c       ?getTemplateTypeArgument@UnDecorator@@CA?AVDName@@XZ 000000018000cb1c f   libvcruntime:undname.obj
 0001:0000bc84       ?getThrowTypes@UnDecorator@@CA?AVDName@@XZ 000000018000cc84 f   libvcruntime:undname.obj
 0001:0000bca8       ?getTypeEncoding@UnDecorator@@CAHXZ 000000018000cca8 f i libvcruntime:undname.obj
 0001:0000c038       ?getUndecoratedName@UnDecorator@@QEAAPEADPEADH@Z 000000018000d038 f i libvcruntime:undname.obj
 0001:0000c18c       ?getUnionObject@UnDecorator@@CA?AVDName@@XZ 000000018000d18c f   libvcruntime:undname.obj
 0001:0000c264       ?getVCallThunkType@UnDecorator@@CA?AVDName@@XZ 000000018000d264 f i libvcruntime:undname.obj
 0001:0000c2dc       ?getValue@UnDecorator@@CA?AV?$optional@_K@std@@XZ 000000018000d2dc f   libvcruntime:undname.obj
 0001:0000c350       ?getValueObject@UnDecorator@@CA?AVDName@@XZ 000000018000d350 f   libvcruntime:undname.obj
 0001:0000c4a8       ?getVdispMapType@UnDecorator@@CA?AVDName@@AEBV2@@Z 000000018000d4a8 f i libvcruntime:undname.obj
 0001:0000c524       ?getVfTableType@UnDecorator@@CA?AVDName@@AEBV2@@Z 000000018000d524 f i libvcruntime:undname.obj
 0001:0000c72c       ?getZName@UnDecorator@@CA?AVDName@@_N0@Z 000000018000d72c f   libvcruntime:undname.obj
 0001:0000ca14       ?length@DNameStatusNode@@UEBAHXZ 000000018000da14 f i libvcruntime:undname.obj
 0001:0000ca14       ?raw_length@DNameStatusNode@@UEBAHXZ 000000018000da14 f i libvcruntime:undname.obj
 0001:0000ca18       ?length@pDNameNode@@UEBAHXZ 000000018000da18 f i libvcruntime:undname.obj
 0001:0000ca40       ?length@pairNode@@UEBAHXZ  000000018000da40 f i libvcruntime:undname.obj
 0001:0000ca88       ?raw_length@pcharNode@@UEBAHXZ 000000018000da88 f i libvcruntime:undname.obj
 0001:0000ca88       ?length@pcharNode@@UEBAHXZ 000000018000da88 f i libvcruntime:undname.obj
 0001:0000ca8c       ?parseDecoratedName@UnDecorator@@CA?AVDName@@XZ 000000018000da8c f   libvcruntime:undname.obj
 0001:0000cba0       ?raw_length@pDNameNode@@UEBAHXZ 000000018000dba0 f i libvcruntime:undname.obj
 0001:0000cba4       ?raw_length@pairNode@@UEBAHXZ 000000018000dba4 f i libvcruntime:undname.obj
 0001:0000cba8       __unDName                  000000018000dba8 f   libvcruntime:undname.obj
 0001:0000cbd0       __unDNameEx                000000018000dbd0 f   libvcruntime:undname.obj
 0001:0000cd04       sprintf_s                  000000018000dd04 f i libvcruntime:undname.obj
 0001:0000cd70       _NLG_Notify                000000018000dd70 f   libvcruntime:notify.obj
 0001:0000cd90       __NLG_Dispatch2            000000018000dd90 f   libvcruntime:notify.obj
 0001:0000cda0       __NLG_Return2              000000018000dda0 f   libvcruntime:notify.obj
 0001:0000cda4       __except_validate_context_record 000000018000dda4 f   libvcruntime:jbcxrval.obj
 0001:0000cddc       __vcrt_freefls             000000018000dddc f   libvcruntime:per_thread_data.obj
 0001:0000cdfc       __vcrt_freeptd             000000018000ddfc f   libvcruntime:per_thread_data.obj
 0001:0000ce4c       __vcrt_getptd              000000018000de4c f   libvcruntime:per_thread_data.obj
 0001:0000ce68       __vcrt_getptd_noexit       000000018000de68 f   libvcruntime:per_thread_data.obj
 0001:0000cf28       __vcrt_initialize_ptd      000000018000df28 f   libvcruntime:per_thread_data.obj
 0001:0000cf70       __vcrt_uninitialize_ptd    000000018000df70 f   libvcruntime:per_thread_data.obj
 0001:0000cf94       __vcrt_initialize_locks    000000018000df94 f   libvcruntime:locks.obj
 0001:0000cfc8       __vcrt_lock                000000018000dfc8 f   libvcruntime:locks.obj
 0001:0000cfe4       __vcrt_uninitialize_locks  000000018000dfe4 f   libvcruntime:locks.obj
 0001:0000d01c       __vcrt_unlock              000000018000e01c f   libvcruntime:locks.obj
 0001:0000d038       ??$_CallSETranslator@V__FrameHandler3@@@@YAHPEAUEHExceptionRecord@@PEA_KPEAU_CONTEXT@@PEAU_xDISPATCHER_CONTEXT@@PEBU_s_FuncInfo@@K1H@Z 000000018000e038 f i libvcruntime:risctrnsctrl.obj
 0001:0000d08c       ??$_CallSETranslator@V__FrameHandler4@@@@YAHPEAUEHExceptionRecord@@PEA_KPEAU_CONTEXT@@PEAU_xDISPATCHER_CONTEXT@@PEAUFuncInfo4@FH4@@K1H@Z 000000018000e08c f i libvcruntime:risctrnsctrl.obj
 0001:0000d0e0       ?CatchTryBlock@__FrameHandler3@@SAPEBU_s_TryBlockMapEntry@@PEBU_s_FuncInfo@@H@Z 000000018000e0e0 f   libvcruntime:risctrnsctrl.obj
 0001:0000d134       ?DecompFuncInfo@FH4@@YA_JPEAEAEAUFuncInfo4@1@_KH_N@Z 000000018000e134 f i libvcruntime:risctrnsctrl.obj
 0001:0000d258       ?ExecutionInCatch@__FrameHandler3@@SA_NPEAU_xDISPATCHER_CONTEXT@@PEBU_s_FuncInfo@@@Z 000000018000e258 f   libvcruntime:risctrnsctrl.obj
 0001:0000d284       ?ExecutionInCatch@__FrameHandler4@@SA_NPEAU_xDISPATCHER_CONTEXT@@PEAUFuncInfo4@FH4@@@Z 000000018000e284 f   libvcruntime:risctrnsctrl.obj
 0001:0000d28c       ?FrameUnwindToEmptyState@__FrameHandler3@@SAXPEA_KPEAU_xDISPATCHER_CONTEXT@@PEBU_s_FuncInfo@@@Z 000000018000e28c f   libvcruntime:risctrnsctrl.obj
 0001:0000d2f0       ?FrameUnwindToEmptyState@__FrameHandler4@@SAXPEA_KPEAU_xDISPATCHER_CONTEXT@@PEAUFuncInfo4@FH4@@@Z 000000018000e2f0 f   libvcruntime:risctrnsctrl.obj
 0001:0000d324       ?GetEstablisherFrame@__FrameHandler3@@SAPEA_KPEA_KPEAU_xDISPATCHER_CONTEXT@@PEBU_s_FuncInfo@@0@Z 000000018000e324 f   libvcruntime:risctrnsctrl.obj
 0001:0000d3f0       ?GetEstablisherFrame@__FrameHandler4@@SAPEA_KPEA_KPEAU_xDISPATCHER_CONTEXT@@PEAUFuncInfo4@FH4@@0@Z 000000018000e3f0 f   libvcruntime:risctrnsctrl.obj
 0001:0000d414       ?GetRangeOfTrysToCheck@__FrameHandler3@@SA?AU?$pair@Viterator@TryBlockMap@__FrameHandler3@@V123@@std@@AEAVTryBlockMap@1@HPEAU_xDISPATCHER_CONTEXT@@PEBU_s_FuncInfo@@H@Z 000000018000e414 f   libvcruntime:risctrnsctrl.obj
 0001:0000d554       ?GetRangeOfTrysToCheck@__FrameHandler4@@SA?AU?$pair@Viterator@TryBlockMap4@FH4@@V123@@std@@AEAVTryBlockMap4@FH4@@HPEAU_xDISPATCHER_CONTEXT@@PEAUFuncInfo4@5@H@Z 000000018000e554 f   libvcruntime:risctrnsctrl.obj
 0001:0000d6bc       ?UnwindNestedFrames@__FrameHandler3@@SAXPEA_KPEAUEHExceptionRecord@@PEAU_CONTEXT@@0PEAXPEBU_s_FuncInfo@@HHPEBU_s_HandlerType@@PEAU_xDISPATCHER_CONTEXT@@E@Z 000000018000e6bc f   libvcruntime:risctrnsctrl.obj
 0001:0000d7c0       ?UnwindNestedFrames@__FrameHandler4@@SAXPEA_KPEAUEHExceptionRecord@@PEAU_CONTEXT@@0PEAXPEAUFuncInfo4@FH4@@HHPEAUHandlerType4@5@PEAU_xDISPATCHER_CONTEXT@@E@Z 000000018000e7c0 f   libvcruntime:risctrnsctrl.obj
 0001:0000d8e0       ?setBuffer@TryBlockMap4@FH4@@QEAAXViterator@12@@Z 000000018000e8e0 f i libvcruntime:risctrnsctrl.obj
 0001:0000daa0       _CreateFrameInfo           000000018000eaa0 f   libvcruntime:risctrnsctrl.obj
 0001:0000dadc       _FindAndUnlinkFrame        000000018000eadc f   libvcruntime:risctrnsctrl.obj
 0001:0000db30       _GetImageBase              000000018000eb30 f   libvcruntime:risctrnsctrl.obj
 0001:0000db44       _GetThrowImageBase         000000018000eb44 f   libvcruntime:risctrnsctrl.obj
 0001:0000db58       _SetImageBase              000000018000eb58 f   libvcruntime:risctrnsctrl.obj
 0001:0000db70       _SetThrowImageBase         000000018000eb70 f   libvcruntime:risctrnsctrl.obj
 0001:0000db88       __CxxFrameHandler3         000000018000eb88 f   libvcruntime:risctrnsctrl.obj
 0001:0000dc10       __CxxFrameHandler4         000000018000ec10 f   libvcruntime:risctrnsctrl.obj
 0001:0000dce0       memcpy_repmovs             000000018000ece0 f   libvcruntime:memcpy.obj
 0001:0000dd00       memmove                    000000018000ed00 f   libvcruntime:memcpy.obj
 0001:0000dd00       memcpy                     000000018000ed00 f   libvcruntime:memcpy.obj
 0001:0000e4c8       __vcrt_FlsAlloc            000000018000f4c8 f   libvcruntime:winapi_downlevel.obj
 0001:0000e510       __vcrt_FlsFree             000000018000f510 f   libvcruntime:winapi_downlevel.obj
 0001:0000e558       __vcrt_FlsGetValue         000000018000f558 f   libvcruntime:winapi_downlevel.obj
 0001:0000e5a0       __vcrt_FlsSetValue         000000018000f5a0 f   libvcruntime:winapi_downlevel.obj
 0001:0000e5f4       __vcrt_InitializeCriticalSectionEx 000000018000f5f4 f   libvcruntime:winapi_downlevel.obj
 0001:0000e658       ?GetCurrentState@__FrameHandler3@@SAHPEA_KPEAU_xDISPATCHER_CONTEXT@@PEBU_s_FuncInfo@@@Z 000000018000f658 f   libvcruntime:ehstate.obj
 0001:0000e680       ?GetUnwindTryBlock@__FrameHandler3@@SAHPEA_KPEAU_xDISPATCHER_CONTEXT@@PEBU_s_FuncInfo@@@Z 000000018000f680 f   libvcruntime:ehstate.obj
 0001:0000e6ac       ?SetState@__FrameHandler3@@SAXPEA_KPEBU_s_FuncInfo@@H@Z 000000018000f6ac f   libvcruntime:ehstate.obj
 0001:0000e6b8       ?SetUnwindTryBlock@__FrameHandler3@@SAXPEA_KPEAU_xDISPATCHER_CONTEXT@@PEBU_s_FuncInfo@@H@Z 000000018000f6b8 f   libvcruntime:ehstate.obj
 0001:0000e6f4       ?StateFromControlPc@__FrameHandler3@@SAHPEBU_s_FuncInfo@@PEAU_xDISPATCHER_CONTEXT@@@Z 000000018000f6f4 f   libvcruntime:ehstate.obj
 0001:0000e6fc       ?StateFromControlPc@__FrameHandler4@@SAHPEAUFuncInfo4@FH4@@PEAU_xDISPATCHER_CONTEXT@@@Z 000000018000f6fc f   libvcruntime:ehstate.obj
 0001:0000e704       ?StateFromIp@__FrameHandler3@@SAHPEBU_s_FuncInfo@@PEAU_xDISPATCHER_CONTEXT@@_K@Z 000000018000f704 f   libvcruntime:ehstate.obj
 0001:0000e76c       ?StateFromIp@__FrameHandler4@@SAHPEAUFuncInfo4@FH4@@PEAU_xDISPATCHER_CONTEXT@@_K@Z 000000018000f76c f   libvcruntime:ehstate.obj
 0001:0000fe50       ??$TypeMatchHelper@V__FrameHandler3@@@@YAHPEBU_s_HandlerType@@PEBU_s_CatchableType@@PEBU_s_ThrowInfo@@@Z 0000000180010e50 f i libvcruntime:frame.obj
 0001:0000ff90       ??$TypeMatchHelper@V__FrameHandler4@@@@YAHPEAUHandlerType4@FH4@@PEBU_s_CatchableType@@PEBU_s_ThrowInfo@@@Z 0000000180010f90 f i libvcruntime:frame.obj
 0001:000100d4       ??$__InternalCxxFrameHandler@V__FrameHandler3@@@@YA?AW4_EXCEPTION_DISPOSITION@@PEAUEHExceptionRecord@@PEA_KPEAU_CONTEXT@@PEAU_xDISPATCHER_CONTEXT@@PEBU_s_FuncInfo@@H1E@Z 00000001800110d4 f i libvcruntime:frame.obj
 0001:0001030c       ??$__InternalCxxFrameHandler@V__FrameHandler4@@@@YA?AW4_EXCEPTION_DISPOSITION@@PEAUEHExceptionRecord@@PEA_KPEAU_CONTEXT@@PEAU_xDISPATCHER_CONTEXT@@PEAUFuncInfo4@FH4@@H1E@Z 000000018001130c f i libvcruntime:frame.obj
 0001:000105a0       ??0HandlerMap4@FH4@@QEAA@PEBUTryBlockMapEntry4@1@_KH@Z 00000001800115a0 f i libvcruntime:frame.obj
 0001:0001061c       ??0TryBlockMap4@FH4@@QEAA@PEBUFuncInfo4@1@_K@Z 000000018001161c f i libvcruntime:frame.obj
 0001:000106f4       ??0bad_exception@std@@QEAA@AEBV01@@Z 00000001800116f4 f i libvcruntime:frame.obj
 0001:00010730       ??0bad_exception@std@@QEAA@XZ 0000000180011730 f i libvcruntime:frame.obj
 0001:00010750       ??0exception@std@@QEAA@AEBV01@@Z 0000000180011750 f i libvcruntime:frame.obj
 0001:00010784       ??1bad_exception@std@@UEAA@XZ 0000000180011784 f i libvcruntime:frame.obj
 0001:00010798       ??_Gexception@std@@UEAAPEAXI@Z 0000000180011798 f i libvcruntime:frame.obj
 0001:00010798       ??_Ebad_exception@std@@UEAAPEAXI@Z 0000000180011798 f i libvcruntime:frame.obj
 0001:00010798       ??_Gbad_exception@std@@UEAAPEAXI@Z 0000000180011798 f i libvcruntime:frame.obj
 0001:00010798       ??_Eexception@std@@UEAAPEAXI@Z 0000000180011798 f i libvcruntime:frame.obj
 0001:000107dc       ?CxxCallCatchBlock@__FrameHandler3@@SAPEAXPEAU_EXCEPTION_RECORD@@@Z 00000001800117dc f   libvcruntime:frame.obj
 0001:000109c8       ?CxxCallCatchBlock@__FrameHandler4@@SAPEAXPEAU_EXCEPTION_RECORD@@@Z 00000001800119c8 f   libvcruntime:frame.obj
 0001:00010c18       ?DecompHandler@HandlerMap4@FH4@@AEAAXXZ 0000000180011c18 f i libvcruntime:frame.obj
 0001:00010e58       ?FrameUnwindToState@__FrameHandler3@@SAXPEA_KPEAU_xDISPATCHER_CONTEXT@@PEBU_s_FuncInfo@@H@Z 0000000180011e58 f   libvcruntime:frame.obj
 0001:00010fe4       ?FrameUnwindToState@__FrameHandler4@@SAXPEA_KPEAU_xDISPATCHER_CONTEXT@@PEAUFuncInfo4@FH4@@H@Z 0000000180011fe4 f   libvcruntime:frame.obj
 0001:000112cc       ?GetHandlerSearchState@__FrameHandler3@@SAHPEA_KPEAU_xDISPATCHER_CONTEXT@@PEBU_s_FuncInfo@@@Z 00000001800122cc f i libvcruntime:frame.obj
 0001:000114dc       ?ReadEntry@UWMap4@FH4@@AEAAXPEAPEAE@Z 00000001800124dc f i libvcruntime:frame.obj
 0001:0001157c       ?_CallMemberFunction1@@YAXQEAX00@Z 000000018001257c f i libvcruntime:frame.obj
 0001:00011588       ?_CallMemberFunction2@@YAXQEAX00H@Z 0000000180012588 f i libvcruntime:frame.obj
 0001:00011598       ?getStartStop@UWMap4@FH4@@QEAAXHHAEAViterator@12@0@Z 0000000180012598 f i libvcruntime:frame.obj
 0001:00011668       ?getStateFromIterators@UWMap4@FH4@@SAHAEBViterator@12@H0H0@Z 0000000180012668 f i libvcruntime:frame.obj
 0001:00011730       ?what@exception@std@@UEBAPEBDXZ 0000000180012730 f i libvcruntime:frame.obj
 0001:00011760       _CallSettingFrame          0000000180012760 f   libvcruntime:handlers.obj
 0001:000117b0       _CallSettingFrame_LookupContinuationIndex 00000001800127b0 f   libvcruntime:handlers.obj
 0001:000117e0       _CallSettingFrame_NotifyContinuationAddr 00000001800127e0 f   libvcruntime:handlers.obj
 0001:00011810       _CallSettingFrameEncoded   0000000180012810 f   libvcruntime:handlers.obj
 0001:00011858       __std_exception_copy       0000000180012858 f   libvcruntime:std_exception.obj
 0001:000118e8       __std_exception_destroy    00000001800128e8 f   libvcruntime:std_exception.obj
 0001:00011910       _CxxThrowException         0000000180012910 f   libvcruntime:throw.obj
 0001:000119b0       cosf                       00000001800129b0 f   libucrt:cosf.obj
 0001:00011eb0       sinf                       0000000180012eb0 f   libucrt:sinf.obj
 0001:000125a8       free                       00000001800135a8 f   libucrt:free.obj
 0001:000125bc       _initterm                  00000001800135bc f   libucrt:initterm.obj
 0001:00012600       _initterm_e                0000000180013600 f   libucrt:initterm.obj
 0001:00012648       _seh_filter_dll            0000000180013648 f   libucrt:exception_filter.obj
 0001:0001265c       _seh_filter_exe            000000018001365c f   libucrt:exception_filter.obj
 0001:00012a74       __acrt_initialize_thread_local_exit_callback 0000000180013a74 f   libucrt:exit.obj
 0001:00012a7c       _cexit                     0000000180013a7c f   libucrt:exit.obj
 0001:00012a8c       _exit                      0000000180013a8c f   libucrt:exit.obj
 0001:00012a98       _is_c_termination_complete 0000000180013a98 f   libucrt:exit.obj
 0001:00012c68       __acrt_allocate_buffer_for_argv 0000000180013c68 f   libucrt:argv_parsing.obj
 0001:00012cc8       _configure_narrow_argv     0000000180013cc8 f   libucrt:argv_parsing.obj
 0001:00013050       __dcrt_uninitialize_environments_nolock 0000000180014050 f   libucrt:environment_initialization.obj
 0001:00013094       _initialize_narrow_environment 0000000180014094 f   libucrt:environment_initialization.obj
 0001:000131f8       _execute_onexit_table      00000001800141f8 f   libucrt:onexit.obj
 0001:0001323c       _initialize_onexit_table   000000018001423c f   libucrt:onexit.obj
 0001:0001329c       __acrt_uninitialize_command_line 000000018001429c f   libucrt:argv_data.obj
 0001:00013394       __acrt_initialize          0000000180014394 f   libucrt:initialization.obj
 0001:000133a8       __acrt_thread_attach       00000001800143a8 f   libucrt:initialization.obj
 0001:000133bc       __acrt_thread_detach       00000001800143bc f   libucrt:initialization.obj
 0001:000133cc       __acrt_uninitialize        00000001800143cc f   libucrt:initialization.obj
 0001:00013404       __acrt_uninitialize_critical 0000000180014404 f   libucrt:initialization.obj
 0001:00013414       terminate                  0000000180014414 f   libucrt:terminate.obj
 0001:00013440       abort                      0000000180014440 f   libucrt:abort.obj
 0001:00013498       malloc                     0000000180014498 f   libucrt:malloc.obj
 0001:000134a0       strcpy_s                   00000001800144a0 f   libucrt:strcpy_s.obj
 0001:000136b0       ??$ensure_buffer_is_big_enough@D@formatting_buffer@__crt_stdio_output@@QEAA_N_KAEAV__crt_cached_ptd_host@@@Z 00000001800146b0 f i libucrt:output.obj
 0001:00013758       ??$parse_integer@KV?$c_string_character_source@D@__crt_strtox@@$0A@@__crt_strtox@@YAKAEAV__crt_cached_ptd_host@@V?$c_string_character_source@D@0@H_N@Z 0000000180014758 f i libucrt:output.obj
 0001:00013a0c       ??$type_case_integer@$07@?$output_processor@DV?$string_output_adapter@D@__crt_stdio_output@@V?$format_validation_base@DV?$string_output_adapter@D@__crt_stdio_output@@@2@@__crt_stdio_output@@AEAA_N_N@Z 0000000180014a0c f i libucrt:output.obj
 0001:00013c10       ??$type_case_integer@$09@?$output_processor@DV?$string_output_adapter@D@__crt_stdio_output@@V?$format_validation_base@DV?$string_output_adapter@D@__crt_stdio_output@@@2@@__crt_stdio_output@@AEAA_N_N@Z 0000000180014c10 f i libucrt:output.obj
 0001:00013e14       ??$type_case_integer@$0BA@@?$output_processor@DV?$string_output_adapter@D@__crt_stdio_output@@V?$format_validation_base@DV?$string_output_adapter@D@__crt_stdio_output@@@2@@__crt_stdio_output@@AEAA_N_N@Z 0000000180014e14 f i libucrt:output.obj
 0001:00014018       ??$type_case_integer_parse_into_buffer@I$07@?$output_processor@DV?$string_output_adapter@D@__crt_stdio_output@@V?$format_validation_base@DV?$string_output_adapter@D@__crt_stdio_output@@@2@@__crt_stdio_output@@AEAAXI_N@Z 0000000180015018 f i libucrt:output.obj
 0001:00014088       ??$type_case_integer_parse_into_buffer@I$09@?$output_processor@DV?$string_output_adapter@D@__crt_stdio_output@@V?$format_validation_base@DV?$string_output_adapter@D@__crt_stdio_output@@@2@@__crt_stdio_output@@AEAAXI_N@Z 0000000180015088 f i libucrt:output.obj
 0001:00014134       ??$type_case_integer_parse_into_buffer@I$0BA@@?$output_processor@DV?$string_output_adapter@D@__crt_stdio_output@@V?$format_validation_base@DV?$string_output_adapter@D@__crt_stdio_output@@@2@@__crt_stdio_output@@AEAAXI_N@Z 0000000180015134 f i libucrt:output.obj
 0001:000141b8       ??$type_case_integer_parse_into_buffer@_K$07@?$output_processor@DV?$string_output_adapter@D@__crt_stdio_output@@V?$format_validation_base@DV?$string_output_adapter@D@__crt_stdio_output@@@2@@__crt_stdio_output@@AEAAX_K_N@Z 00000001800151b8 f i libucrt:output.obj
 0001:00014228       ??$type_case_integer_parse_into_buffer@_K$09@?$output_processor@DV?$string_output_adapter@D@__crt_stdio_output@@V?$format_validation_base@DV?$string_output_adapter@D@__crt_stdio_output@@@2@@__crt_stdio_output@@AEAAX_K_N@Z 0000000180015228 f i libucrt:output.obj
 0001:000142d8       ??$type_case_integer_parse_into_buffer@_K$0BA@@?$output_processor@DV?$string_output_adapter@D@__crt_stdio_output@@V?$format_validation_base@DV?$string_output_adapter@D@__crt_stdio_output@@@2@@__crt_stdio_output@@AEAAX_K_N@Z 00000001800152d8 f i libucrt:output.obj
 0001:0001435c       ?crop_zeroes@__crt_stdio_output@@YAXPEADQEAU__crt_locale_pointers@@@Z 000000018001535c f i libucrt:output.obj
 0001:000143d0       ?get_raw_ptd@__crt_cached_ptd_host@@QEAAPEAU__acrt_ptd@@XZ 00000001800153d0 f i libucrt:output.obj
 0001:00014438       ?parse_int_from_format_string@?$output_processor@DV?$string_output_adapter@D@__crt_stdio_output@@V?$format_validation_base@DV?$string_output_adapter@D@__crt_stdio_output@@@2@@__crt_stdio_output@@AEAA_NQEAH@Z 0000000180015438 f i libucrt:output.obj
 0001:000144c8       ?process@?$output_processor@DV?$string_output_adapter@D@__crt_stdio_output@@V?$format_validation_base@DV?$string_output_adapter@D@__crt_stdio_output@@@2@@__crt_stdio_output@@QEAAHXZ 00000001800154c8 f i libucrt:output.obj
 0001:0001484c       ?state_case_size@?$output_processor@DV?$string_output_adapter@D@__crt_stdio_output@@V?$format_validation_base@DV?$string_output_adapter@D@__crt_stdio_output@@@2@@__crt_stdio_output@@AEAA_NXZ 000000018001584c f i libucrt:output.obj
 0001:000149d4       ?state_case_type@?$output_processor@DV?$string_output_adapter@D@__crt_stdio_output@@V?$format_validation_base@DV?$string_output_adapter@D@__crt_stdio_output@@@2@@__crt_stdio_output@@AEAA_NXZ 00000001800159d4 f i libucrt:output.obj
 0001:00014dd8       ?type_case_Z@?$output_processor@DV?$string_output_adapter@D@__crt_stdio_output@@V?$format_validation_base@DV?$string_output_adapter@D@__crt_stdio_output@@@2@@__crt_stdio_output@@AEAA_NXZ 0000000180015dd8 f i libucrt:output.obj
 0001:00014e54       ?type_case_a@?$output_processor@DV?$string_output_adapter@D@__crt_stdio_output@@V?$format_validation_base@DV?$string_output_adapter@D@__crt_stdio_output@@@2@@__crt_stdio_output@@AEAA_NXZ 0000000180015e54 f i libucrt:output.obj
 0001:000150a8       ?type_case_c_tchar@?$output_processor@DV?$string_output_adapter@D@__crt_stdio_output@@V?$format_validation_base@DV?$string_output_adapter@D@__crt_stdio_output@@@2@@__crt_stdio_output@@AEAA_ND@Z 00000001800160a8 f i libucrt:output.obj
 0001:0001517c       ?type_case_n@?$output_processor@DV?$string_output_adapter@D@__crt_stdio_output@@V?$format_validation_base@DV?$string_output_adapter@D@__crt_stdio_output@@@2@@__crt_stdio_output@@AEAA_NXZ 000000018001617c f i libucrt:output.obj
 0001:00015234       ?type_case_s@?$output_processor@DV?$string_output_adapter@D@__crt_stdio_output@@V?$format_validation_base@DV?$string_output_adapter@D@__crt_stdio_output@@@2@@__crt_stdio_output@@AEAA_NXZ 0000000180016234 f i libucrt:output.obj
 0001:000152d0       ?update_locale_slow@__crt_cached_ptd_host@@AEAAXXZ 00000001800162d0 f i libucrt:output.obj
 0001:00015348       ?write_string@?$string_output_adapter@D@__crt_stdio_output@@QEBAXQEBDHQEAHAEAV__crt_cached_ptd_host@@@Z 0000000180016348 f i libucrt:output.obj
 0001:000153ec       __stdio_common_vsprintf_s  00000001800163ec f   libucrt:output.obj
 0001:00015500       ??$parse_integer@KV?$c_string_character_source@D@__crt_strtox@@$00@__crt_strtox@@YAKAEAV__crt_cached_ptd_host@@V?$c_string_character_source@D@0@H_N@Z 0000000180016500 f i libucrt:atox.obj
 0001:000157f0       _ischartype_l              00000001800167f0 f i libucrt:atox.obj
 0001:00015868       atol                       0000000180016868 f   libucrt:atox.obj
 0001:00015930       strncmp                    0000000180016930 f   libucrt:strncmp.obj
 0001:000159b0       calloc                     00000001800169b0 f   libucrt:calloc.obj
 0001:000159b8       wcsncmp                    00000001800169b8 f   libucrt:wcsncmp.obj
 0001:000159f0       __remainder_piby2d2f_forAsm 00000001800169f0 f   libucrt:remainder_piby2f_forasm.obj
 0001:00015b40       __remainder_piby2_fma3     0000000180016b40 f   libucrt:remainder_piby2_forfma3.obj
 0001:00015d30       __remainder_piby2_fma3_bdl 0000000180016d30 f   libucrt:remainder_piby2_forfma3.obj
 0001:00015da8       _cosf_special              0000000180016da8 f   libucrt:sincos_special.obj
 0001:00015e48       _sinf_special              0000000180016e48 f   libucrt:sincos_special.obj
 0001:00015e5c       _clrfp                     0000000180016e5c f   libucrt:fpctrl.obj
 0001:00015e7c       _ctrlfp                    0000000180016e7c f   libucrt:fpctrl.obj
 0001:00015ef8       _set_statfp                0000000180016ef8 f   libucrt:fpctrl.obj
 0001:00015f18       _statfp                    0000000180016f18 f   libucrt:fpctrl.obj
 0001:00015f30       __acrt_initialize_fma3     0000000180016f30 f   libucrt:fma3_available.obj
 0001:00015fa0       __remainder_piby2d2f_forC  0000000180016fa0 f   libucrt:remainder_piby2f_forc.obj
 0001:0001612c       _free_base                 000000018001712c f   libucrt:free_base.obj
 0001:000164e0       __acrt_freeptd             00000001800174e0 f   libucrt:per_thread_data.obj
 0001:00016524       __acrt_getptd              0000000180017524 f   libucrt:per_thread_data.obj
 0001:000165f8       __acrt_getptd_head         00000001800175f8 f   libucrt:per_thread_data.obj
 0001:0001669c       __acrt_getptd_noexit       000000018001769c f   libucrt:per_thread_data.obj
 0001:00016764       __acrt_getptd_noexit_explicit 0000000180017764 f   libucrt:per_thread_data.obj
 0001:00016824       __acrt_initialize_ptd      0000000180017824 f   libucrt:per_thread_data.obj
 0001:00016860       __acrt_uninitialize_ptd    0000000180017860 f   libucrt:per_thread_data.obj
 0001:00016884       __acrt_initialize_locks    0000000180017884 f   libucrt:locks.obj
 0001:000168cc       __acrt_lock                00000001800178cc f   libucrt:locks.obj
 0001:000168e8       __acrt_uninitialize_locks  00000001800178e8 f   libucrt:locks.obj
 0001:00016920       __acrt_unlock              0000000180017920 f   libucrt:locks.obj
 0001:0001693c       __acrt_app_verifier_enabled 000000018001793c f   libucrt:peb_access.obj
 0001:00016958       __acrt_is_secure_process   0000000180017958 f   libucrt:peb_access.obj
 0001:00016970       __acrt_get_process_end_policy 0000000180017970 f   libucrt:win_policies.obj
 0001:000169a0       ?get_raw_ptd_noexit@__crt_cached_ptd_host@@QEAAPEAU__acrt_ptd@@XZ 00000001800179a0 f i libucrt:invalid_parameter.obj
 0001:00016a0c       ?value@?$dual_state_global@P6AXPEB_W00I_K@Z@__crt_state_management@@QEAAAEAP6AXPEB_W00I_K@ZAEAV__crt_cached_ptd_host@@@Z 0000000180017a0c f i libucrt:invalid_parameter.obj
 0001:00016a58       __acrt_call_reportfault    0000000180017a58 f   libucrt:invalid_parameter.obj
 0001:00016bb4       __acrt_initialize_invalid_parameter_handler 0000000180017bb4 f   libucrt:invalid_parameter.obj
 0001:00016bbc       _invalid_parameter         0000000180017bbc f   libucrt:invalid_parameter.obj
 0001:00016c58       _invalid_parameter_internal 0000000180017c58 f   libucrt:invalid_parameter.obj
 0001:00016d24       _invalid_parameter_noinfo  0000000180017d24 f   libucrt:invalid_parameter.obj
 0001:00016d44       _invoke_watson             0000000180017d44 f   libucrt:invalid_parameter.obj
 0001:00016d8c       __acrt_errno_from_os_error 0000000180017d8c f   libucrt:errno.obj
 0001:00016dd4       __acrt_errno_map_os_error  0000000180017dd4 f   libucrt:errno.obj
 0001:00016e1c       __acrt_errno_map_os_error_ptd 0000000180017e1c f   libucrt:errno.obj
 0001:00016e40       __doserrno                 0000000180017e40 f   libucrt:errno.obj
 0001:00016e60       _errno                     0000000180017e60 f   libucrt:errno.obj
 0001:00016e80       _calloc_base               0000000180017e80 f   libucrt:calloc_base.obj
 0001:00016f0c       ??$__acrt_convert_wcs_mbs_cp@D_WV<lambda_7c9dea7b4ca7285d2cdb541a38da6275>@@U__crt_win32_buffer_internal_dynamic_resizing@@@@YAHQEBDAEAV?$__crt_win32_buffer@_WU__crt_win32_buffer_internal_dynamic_resizing@@@@AEBV<lambda_7c9dea7b4ca7285d2cdb541a38da6275>@@I@Z 0000000180017f0c f i libucrt:argv_wildcards.obj
 0001:00017088       ??$__acrt_convert_wcs_mbs_cp@_WDV<lambda_d8593a27d1aa8c02be35c86a17d324c4>@@U__crt_win32_buffer_internal_dynamic_resizing@@@@YAHQEB_WAEAV?$__crt_win32_buffer@DU__crt_win32_buffer_internal_dynamic_resizing@@@@AEBV<lambda_d8593a27d1aa8c02be35c86a17d324c4>@@I@Z 0000000180018088 f i libucrt:argv_wildcards.obj
 0001:0001792c       ??0_LocaleUpdate@@QEAA@QEAU__crt_locale_pointers@@@Z 000000018001892c f i libucrt:argv_wildcards.obj
 0001:000179c8       __acrt_expand_narrow_argv_wildcards 00000001800189c8 f   libucrt:argv_wildcards.obj
 0001:000179d0       ??$__acrt_convert_wcs_mbs_cp@_WDV<lambda_f788ae46380686e8b737efdd8c720d07>@@U__crt_win32_buffer_no_resizing@@@@YAHQEB_WAEAV?$__crt_win32_buffer@DU__crt_win32_buffer_no_resizing@@@@AEBV<lambda_f788ae46380686e8b737efdd8c720d07>@@I@Z 00000001800189d0 f i libucrt:getmodulefilenamea.obj
 0001:00017aec       __acrt_GetModuleFileNameA  0000000180018aec f   libucrt:getmodulefilenamea.obj
 0001:00018408       __acrt_initialize_multibyte 0000000180019408 f   libucrt:mbctype.obj
 0001:00018468       __acrt_update_thread_multibyte_data 0000000180019468 f   libucrt:mbctype.obj
 0001:00018484       _setmbcp_nolock            0000000180019484 f   libucrt:mbctype.obj
 0001:000187b8       _ismbblead                 00000001800197b8 f   libucrt:ismbbyte.obj
 0001:000187cc       __acrt_initialize_command_line 00000001800197cc f   libucrt:argv_data.obj
 0001:000187f4       __acrt_MultiByteToWideChar 00000001800197f4 f   libucrt:multibytetowidechar.obj
 0001:00018884       __acrt_WideCharToMultiByte 0000000180019884 f   libucrt:widechartomultibyte.obj
 0001:00018964       __dcrt_get_narrow_environment_from_os 0000000180019964 f   libucrt:get_environment_from_os.obj
 0001:00018a74       _recalloc_base             0000000180019a74 f   libucrt:recalloc.obj
 0001:00018cc8       __acrt_AppPolicyGetProcessTerminationMethodInternal 0000000180019cc8 f   libucrt:winapi_thunks.obj
 0001:00018d20       __acrt_AreFileApisANSI     0000000180019d20 f   libucrt:winapi_thunks.obj
 0001:00018d64       __acrt_FlsAlloc            0000000180019d64 f   libucrt:winapi_thunks.obj
 0001:00018d6c       __acrt_FlsFree             0000000180019d6c f   libucrt:winapi_thunks.obj
 0001:00018d74       __acrt_FlsGetValue         0000000180019d74 f   libucrt:winapi_thunks.obj
 0001:00018d7c       __acrt_FlsSetValue         0000000180019d7c f   libucrt:winapi_thunks.obj
 0001:00018d84       __acrt_InitializeCriticalSectionEx 0000000180019d84 f   libucrt:winapi_thunks.obj
 0001:00018df4       __acrt_LCMapStringEx       0000000180019df4 f   libucrt:winapi_thunks.obj
 0001:00018ee0       __acrt_LocaleNameToLCID    0000000180019ee0 f   libucrt:winapi_thunks.obj
 0001:00018f40       __acrt_initialize_winapi_thunks 0000000180019f40 f   libucrt:winapi_thunks.obj
 0001:00018f64       __acrt_uninitialize_winapi_thunks 0000000180019f64 f   libucrt:winapi_thunks.obj
 0001:00018fa8       __acrt_initialize_heap     0000000180019fa8 f   libucrt:heap_handle.obj
 0001:00018fc4       __acrt_uninitialize_heap   0000000180019fc4 f   libucrt:heap_handle.obj
 0001:000191c8       __acrt_initialize_lowio    000000018001a1c8 f   libucrt:ioinit.obj
 0001:00019204       __acrt_uninitialize_lowio  000000018001a204 f   libucrt:ioinit.obj
 0001:00019244       __acrt_execute_initializers 000000018001a244 f   libucrt:shared_initialization.obj
 0001:000192d8       __acrt_execute_uninitializers 000000018001a2d8 f   libucrt:shared_initialization.obj
 0001:00019320       __acrt_initialize_new_handler 000000018001a320 f   libucrt:new_handler.obj
 0001:00019328       _callnewh                  000000018001a328 f   libucrt:new_handler.obj
 0001:00019368       _query_new_handler         000000018001a368 f   libucrt:new_handler.obj
 0001:000193e8       __acrt_get_sigabrt_handler 000000018001a3e8 f   libucrt:signal.obj
 0001:00019418       __acrt_initialize_signal_handlers 000000018001a418 f   libucrt:signal.obj
 0001:00019438       raise                      000000018001a438 f   libucrt:signal.obj
 0001:000196b4       __acrt_has_user_matherr    000000018001a6b4 f   libucrt:matherr.obj
 0001:000196d4       __acrt_initialize_user_matherr 000000018001a6d4 f   libucrt:matherr.obj
 0001:000196dc       __acrt_invoke_user_matherr 000000018001a6dc f   libucrt:matherr.obj
 0001:000198f8       __acrt_stdio_flush_nolock  000000018001a8f8 f   libucrt:fflush.obj
 0001:00019984       _fflush_nolock             000000018001a984 f   libucrt:fflush.obj
 0001:00019a58       _flushall                  000000018001aa58 f   libucrt:fflush.obj
 0001:00019a60       __acrt_initialize_stdio    000000018001aa60 f   libucrt:_file.obj
 0001:00019b80       __acrt_uninitialize_stdio  000000018001ab80 f   libucrt:_file.obj
 0001:00019bdc       _lock_file                 000000018001abdc f   libucrt:_file.obj
 0001:00019be8       _unlock_file               000000018001abe8 f   libucrt:_file.obj
 0001:00019bf4       _malloc_base               000000018001abf4 f   libucrt:malloc_base.obj
 0001:00019c54       strnlen                    000000018001ac54 f   libucrt:strnlen.obj
 0001:00019da4       wcsnlen                    000000018001ada4 f   libucrt:strnlen.obj
 0001:00019f7c       __acrt_update_locale_info  000000018001af7c f   libucrt:locale_update.obj
 0001:00019fb0       __acrt_update_locale_info_explicit 000000018001afb0 f   libucrt:locale_update.obj
 0001:00019fe8       __acrt_update_multibyte_info 000000018001afe8 f   libucrt:locale_update.obj
 0001:0001a01c       __acrt_update_multibyte_info_explicit 000000018001b01c f   libucrt:locale_update.obj
 0001:0001ab68       __acrt_fp_format           000000018001bb68 f   libucrt:cvt.obj
 0001:0001ae50       _wctomb_internal           000000018001be50 f   libucrt:wctomb.obj
 0001:0001b000       _mbtowc_internal           000000018001c000 f   libucrt:mbtowc.obj
 0001:0001b178       _fileno                    000000018001c178 f   libucrt:fileno.obj
 0001:0001b1a0       _get_printf_count_output   000000018001c1a0 f   libucrt:printf_count_output.obj
 0001:0001b228       __acrt_set_locale_changed  000000018001c228 f   libucrt:wsetlocale.obj
 0001:0001b234       __acrt_uninitialize_locale 000000018001c234 f   libucrt:wsetlocale.obj
 0001:0001b264       __pctype_func              000000018001c264 f   libucrt:ctype.obj
 0001:0001b294       _isctype_l                 000000018001c294 f   libucrt:isctype.obj
 0001:0001b4c0       _handle_error              000000018001c4c0 f   libucrt:libm_error.obj
 0001:0001b5e8       _handle_errorf             000000018001c5e8 f   libucrt:libm_error.obj
 0001:0001b71c       _handle_nan                000000018001c71c f   libucrt:libm_error.obj
 0001:0001b750       _get_fpsr                  000000018001c750 f   libucrt:fpsr.obj
 0001:0001b760       _set_fpsr                  000000018001c760 f   libucrt:fpsr.obj
 0001:0001b76a       _fclrf                     000000018001c76a f   libucrt:fpsr.obj
 0001:0001b77e       _frnd                      000000018001c77e f   libucrt:fpsr.obj
 0001:0001b7a0       __acrt_add_locale_ref      000000018001c7a0 f   libucrt:locale_refcounting.obj
 0001:0001b82c       __acrt_free_locale         000000018001c82c f   libucrt:locale_refcounting.obj
 0001:0001b9a4       __acrt_locale_add_lc_time_reference 000000018001c9a4 f   libucrt:locale_refcounting.obj
 0001:0001b9cc       __acrt_locale_free_lc_time_if_unreferenced 000000018001c9cc f   libucrt:locale_refcounting.obj
 0001:0001ba04       __acrt_locale_release_lc_time_reference 000000018001ca04 f   libucrt:locale_refcounting.obj
 0001:0001ba2c       __acrt_release_locale_ref  000000018001ca2c f   libucrt:locale_refcounting.obj
 0001:0001bad4       __acrt_update_thread_locale_data 000000018001cad4 f   libucrt:locale_refcounting.obj
 0001:0001bb44       _updatetlocinfoEx_nolock   000000018001cb44 f   libucrt:locale_refcounting.obj
 0001:0001bbac       _query_new_mode            000000018001cbac f   libucrt:new_mode.obj
 0001:0001bbc0       qsort                      000000018001cbc0 f   libucrt:qsort.obj
 0001:0001bfd0       strncpy_s                  000000018001cfd0 f   libucrt:strncpy_s.obj
 0001:0001c160       strpbrk                    000000018001d160 f   libucrt:strpbrk.obj
 0001:0001c528       _mbsdec                    000000018001d528 f   libucrt:mbsdec.obj
 0001:0001c530       _mbsdec_l                  000000018001d530 f   libucrt:mbsdec.obj
 0001:0001c5c4       __acrt_GetStringTypeA      000000018001d5c4 f   libucrt:getstringtypea.obj
 0001:0001ca88       __acrt_LCMapStringA        000000018001da88 f   libucrt:lcmapstringa.obj
 0001:0001cb38       _msize_base                000000018001db38 f   libucrt:msize.obj
 0001:0001cb74       _realloc_base              000000018001db74 f   libucrt:realloc_base.obj
 0001:0001cbf0       __acrt_DownlevelLocaleNameToLCID 000000018001dbf0 f   libucrt:lcidtoname_downlevel.obj
 0001:0001cc94       __acrt_lowio_create_handle_array 000000018001dc94 f   libucrt:osfinfo.obj
 0001:0001cd3c       __acrt_lowio_destroy_handle_array 000000018001dd3c f   libucrt:osfinfo.obj
 0001:0001cd8c       __acrt_lowio_ensure_fh_exists 000000018001dd8c f   libucrt:osfinfo.obj
 0001:0001ce34       __acrt_lowio_lock_fh       000000018001de34 f   libucrt:osfinfo.obj
 0001:0001ce5c       __acrt_lowio_unlock_fh     000000018001de5c f   libucrt:osfinfo.obj
 0001:0001ce84       _free_osfhnd               000000018001de84 f   libucrt:osfinfo.obj
 0001:0001cf40       _get_osfhandle             000000018001df40 f   libucrt:osfinfo.obj
 0001:0001d044       _commit                    000000018001e044 f   libucrt:commit.obj
 0001:0001d8e0       _write_internal            000000018001e8e0 f   libucrt:write.obj
 0001:0001da00       _write_nolock              000000018001ea00 f   libucrt:write.obj
 0001:0001dd08       _fcloseall                 000000018001ed08 f   libucrt:closeall.obj
 0001:0001ddbc       __acrt_stdio_free_buffer_nolock 000000018001edbc f   libucrt:_freebuf.obj
 0001:0001de00       _isatty                    000000018001ee00 f   libucrt:isatty.obj
 0001:0001df30       __acrt_fp_strflt_to_string 000000018001ef30 f   libucrt:_fptostr.obj
 0001:0001e040       ?divide@__crt_strtox@@YA_KAEAUbig_integer@1@AEBU21@@Z 000000018001f040 f i libucrt:cfout.obj
 0001:0001e4dc       __acrt_fltout              000000018001f4dc f   libucrt:cfout.obj
 0001:0001f7f4       fegetround                 00000001800207f4 f   libucrt:fegetround.obj
 0001:0001f808       ?__c32rtomb_utf8@__crt_mbstring@@YA_KPEAD_UPEAU_Mbstatet@@AEAV__crt_cached_ptd_host@@@Z 0000000180020808 f   libucrt:c32rtomb.obj
 0001:0001f8ac       ?__mbrtowc_utf8@__crt_mbstring@@YA_KPEA_WPEBD_KPEAU_Mbstatet@@AEAV__crt_cached_ptd_host@@@Z 00000001800208ac f   libucrt:mbrtowc.obj
 0001:0001f8f0       ?__mbsrtowcs_utf8@__crt_mbstring@@YA_KPEA_WPEAPEBD_KPEAU_Mbstatet@@AEAV__crt_cached_ptd_host@@@Z 00000001800208f0 f   libucrt:mbrtowc.obj
 0001:0001fa94       __acrt_locale_free_monetary 0000000180020a94 f   libucrt:initmon.obj
 0001:0001fba0       __acrt_locale_free_numeric 0000000180020ba0 f   libucrt:initnum.obj
 0001:0001fc40       __acrt_locale_free_time    0000000180020c40 f   libucrt:inittime.obj
 0001:0001fd48       _raise_exc                 0000000180020d48 f   libucrt:fpexcept.obj
 0001:0001fd70       _raise_exc_ex              0000000180020d70 f   libucrt:fpexcept.obj
 0001:00020078       _raise_excf                0000000180021078 f   libucrt:fpexcept.obj
 0001:000200a4       _set_errno_from_matherr    00000001800210a4 f   libucrt:fpexcept.obj
 0001:000200d4       __strncnt                  00000001800210d4 f   libucrt:strncnt.obj
 0001:000200ec       __ascii_wcsnicmp           00000001800210ec f   libucrt:wcsnicmp.obj
 0001:00020138       _query_app_type            0000000180021138 f   libucrt:report_runtime_error.obj
 0001:000201ec       _lseeki64_nolock_internal  00000001800211ec f   libucrt:lseek.obj
 0001:000201f4       _putwch_nolock             00000001800211f4 f   libucrt:putwch.obj
 0001:00020354       fclose                     0000000180021354 f   libucrt:fclose.obj
 0001:000203ec       _controlfp_s               00000001800213ec f   libucrt:contrlfp.obj
 0001:00020450       fegetenv                   0000000180021450 f   libucrt:fegetenv.obj
 0001:00020470       fesetenv                   0000000180021470 f   libucrt:fesetenv.obj
 0001:000204c8       feholdexcept               00000001800214c8 f   libucrt:feholdexcept.obj
 0001:00020518       ceil                       0000000180021518 f   libucrt:ceil.obj
 0001:000205e0       log10                      00000001800215e0 f   libucrt:log10.obj
 0001:00020b8c       __acrt_fenv_get_common_round_control 0000000180021b8c f   libucrt:_fenvutils.obj
 0001:00020b98       __acrt_fenv_get_control    0000000180021b98 f   libucrt:_fenvutils.obj
 0001:00020c7c       __acrt_fenv_get_status     0000000180021c7c f   libucrt:_fenvutils.obj
 0001:00020cd4       __acrt_fenv_set_control    0000000180021cd4 f   libucrt:_fenvutils.obj
 0001:00020e0c       __acrt_fenv_set_status     0000000180021e0c f   libucrt:_fenvutils.obj
 0001:00020e80       ?reset_and_return@__crt_mbstring@@YA_K_KPEAU_Mbstatet@@@Z 0000000180021e80 f   libucrt:common_utf8.obj
 0001:00020e88       ?return_illegal_sequence@__crt_mbstring@@YA_KPEAU_Mbstatet@@AEAV__crt_cached_ptd_host@@@Z 0000000180021e88 f   libucrt:common_utf8.obj
 0001:00020e9c       ?__mbrtoc32_utf8@__crt_mbstring@@YA_KPEA_UPEBD_KPEAU_Mbstatet@@AEAV__crt_cached_ptd_host@@@Z 0000000180021e9c f   libucrt:mbrtoc32.obj
 0001:00021078       __dcrt_lowio_ensure_console_output_initialized 0000000180022078 f   libucrt:initcon.obj
 0001:000210cc       __dcrt_terminate_console_output 00000001800220cc f   libucrt:initcon.obj
[...]
 0002:0000b408       $unwind$_isctype_l         000000018002f408     libucrt:isctype.obj
 0002:0000b424       $unwind$_call_matherr      000000018002f424     libucrt:libm_error.obj
 0002:0000b42c       $unwind$_handle_error      000000018002f42c     libucrt:libm_error.obj
 0002:0000b42c       $unwind$_handle_errorf     000000018002f42c     libucrt:libm_error.obj
 0002:0000b450       $xdatasym                  000000018002f450     libucrt:fpsr.obj
 0002:0000b458       $unwind$__acrt_update_thread_locale_data 000000018002f458     libucrt:locale_refcounting.obj
 0002:0000b47c       $unwind$qsort              000000018002f47c     libucrt:qsort.obj
 0002:0000b494       $chain$4$qsort             000000018002f494     libucrt:qsort.obj
 0002:0000b4b8       $chain$5$qsort             000000018002f4b8     libucrt:qsort.obj
 0002:0000b4c8       $unwind$strpbrk            000000018002f4c8     libucrt:strpbrk.obj
 0002:0000b4d8       $unwind$fallbackMethod     000000018002f4d8     libucrt:strpbrk.obj
 0002:0000b4e8       $unwind$__acrt_GetStringTypeA 000000018002f4e8     libucrt:getstringtypea.obj
 0002:0000b510       $unwind$__acrt_LCMapStringA 000000018002f510     libucrt:lcmapstringa.obj
 0002:0000b520       $unwind$?__acrt_LCMapStringA_stat@@YAHPEAU__crt_locale_pointers@@PEB_WKPEBDHPEADHHH@Z 000000018002f520     libucrt:lcmapstringa.obj
 0002:0000b548       $unwind$__acrt_lowio_destroy_handle_array 000000018002f548     libucrt:osfinfo.obj
 0002:0000b558       $unwind$__acrt_lowio_ensure_fh_exists 000000018002f558     libucrt:osfinfo.obj
 0002:0000b584       $unwind$_commit            000000018002f584     libucrt:commit.obj
 0002:0000b58c       $unwind$??$?RV<lambda_a37b2b86f63e897a80ea819b0eb08c01>@@AEAV<lambda_38ce7e780aa69e748d6df282ebc68efe>@@V<lambda_99fb1378e971ab6e7edea83e3a7a83a2>@@@?$__crt_seh_guarded_call@H@@QEAAH$$QEAV<lambda_a37b2b86f63e897a80ea819b0eb08c01>@@AEAV<lambda_38ce7e780aa69e748d6df282ebc68efe>@@$$QEAV<lambda_99fb1378e971ab6e7edea83e3a7a83a2>@@@Z 000000018002f58c     libucrt:commit.obj
 0002:0000b5b0       $unwind$_write_nolock      000000018002f5b0     libucrt:write.obj
 0002:0000b5c8       $unwind$_write_internal    000000018002f5c8     libucrt:write.obj
 0002:0000b5f4       $unwind$?write_double_translated_ansi_nolock@@YA?AUwrite_result@?A0x17268360@@HQEBDIAEAV__crt_cached_ptd_host@@@Z 000000018002f5f4     libucrt:write.obj
 0002:0000b620       $ip2state$?write_double_translated_ansi_nolock@@YA?AUwrite_result@?A0x17268360@@HQEBDIAEAV__crt_cached_ptd_host@@@Z 000000018002f620     libucrt:write.obj
 0002:0000b628       $unwind$?write_text_ansi_nolock@@YA?AUwrite_result@?A0x17268360@@HQEBDI@Z 000000018002f628     libucrt:write.obj
 0002:0000b628       $unwind$?write_text_utf16le_nolock@@YA?AUwrite_result@?A0x17268360@@HQEBDI@Z 000000018002f628     libucrt:write.obj
 0002:0000b648       $unwind$?write_text_utf8_nolock@@YA?AUwrite_result@?A0x17268360@@HQEBDI@Z 000000018002f648     libucrt:write.obj
 0002:0000b66c       $unwind$_fcloseall         000000018002f66c     libucrt:closeall.obj
 0002:0000b690       $unwind$__acrt_fltout      000000018002f690     libucrt:cfout.obj
 0002:0000b6b0       $unwind$?divide@__crt_strtox@@YA_KAEAUbig_integer@1@AEBU21@@Z 000000018002f6b0     libucrt:cfout.obj
 0002:0000b6c8       $chain$0$?divide@__crt_strtox@@YA_KAEAUbig_integer@1@AEBU21@@Z 000000018002f6c8     libucrt:cfout.obj
 0002:0000b6dc       $chain$1$?divide@__crt_strtox@@YA_KAEAUbig_integer@1@AEBU21@@Z 000000018002f6dc     libucrt:cfout.obj
 0002:0000b6ec       $unwind$?__mbsrtowcs_utf8@__crt_mbstring@@YA_KPEA_WPEAPEBD_KPEAU_Mbstatet@@AEAV__crt_cached_ptd_host@@@Z 000000018002f6ec     libucrt:mbrtowc.obj
 0002:0000b704       $unwind$__acrt_locale_free_monetary 000000018002f704     libucrt:initmon.obj
 0002:0000b70c       $unwind$__acrt_locale_free_time 000000018002f70c     libucrt:inittime.obj
 0002:0000b71c       $unwind$_raise_exc_ex      000000018002f71c     libucrt:fpexcept.obj
 0002:0000b730       $unwind$_putwch_nolock     000000018002f730     libucrt:putwch.obj
 0002:0000b738       $unwind$?_fclose_nolock_internal@@YAHQEAU_iobuf@@AEAV__crt_cached_ptd_host@@@Z 000000018002f738     libucrt:fclose.obj
 0002:0000b748       $unwind$?_fclose_internal@@YAHQEAU_iobuf@@AEAV__crt_cached_ptd_host@@@Z 000000018002f748     libucrt:fclose.obj
 0002:0000b76c       $unwind$fesetenv           000000018002f76c     libucrt:fesetenv.obj
 0002:0000b778       $xdatasym                  000000018002f778     libucrt:log10.obj
 0002:0000b784       $unwind$__acrt_fenv_get_control 000000018002f784     libucrt:_fenvutils.obj
 0002:0000b78c       $unwind$__acrt_fenv_set_control 000000018002f78c     libucrt:_fenvutils.obj
 0002:0000b79c       $unwind$?__mbrtoc32_utf8@__crt_mbstring@@YA_KPEA_UPEBD_KPEAU_Mbstatet@@AEAV__crt_cached_ptd_host@@@Z 000000018002f79c     libucrt:mbrtoc32.obj
 0002:0000b7b8       $unwind$_close_internal    000000018002f7b8     libucrt:close.obj
 0002:0000b7c0       $unwind$??$?RV<lambda_ad8af0d99a0adf03d037d7dffe354bb5>@@AEAV<lambda_c9ba49e555ba839a7b07aa3fbecb7617>@@V<lambda_2f1ebd5d68526518146ae959c9e734c8>@@@?$__crt_seh_guarded_call@H@@QEAAH$$QEAV<lambda_ad8af0d99a0adf03d037d7dffe354bb5>@@AEAV<lambda_c9ba49e555ba839a7b07aa3fbecb7617>@@$$QEAV<lambda_2f1ebd5d68526518146ae959c9e734c8>@@@Z 000000018002f7c0     libucrt:close.obj
 0002:0000b7e4       $unwind$common_control87   000000018002f7e4     libucrt:ieee.obj
 0002:0000b810       $unwind$_log_special_common 000000018002f810     libucrt:log_special.obj
 0002:0000b81c       $unwind$_IsNonwritableInCurrentImage 000000018002f81c     LIBCMT:pesect.obj
 0002:0000b840       $unwind$__GSHandlerCheckCommon 000000018002f840     LIBCMT:gshandler.obj
 0002:0000b848       $xdatasym                  000000018002f848     LIBCMT:amdsecgs.obj
 0002:0000b84c       $unwind$__report_securityfailure 000000018002f84c     LIBCMT:gs_report.obj
 0002:0000b854       $unwind$__report_gsfailure 000000018002f854     LIBCMT:gs_report.obj
 0002:0000b85c       $unwind$capture_current_context 000000018002f85c     LIBCMT:gs_report.obj
 0002:0000b868       $unwind$capture_previous_context 000000018002f868     LIBCMT:gs_report.obj
 0002:0000b878       $xdatasym                  000000018002f878     LIBCMT:chkstk.obj
 0002:0000b880       $xdatasym                  000000018002f880     libvcruntime:memcmp.obj
 0002:0000be20       .edata                     000000018002fe20     PhysXCooking_64.exp
 0002:0000be48       rgpv                       000000018002fe48     PhysXCooking_64.exp
 0002:0000bf60       rgszName                   000000018002ff60     PhysXCooking_64.exp
 0002:0000c078       rgwOrd                     0000000180030078     PhysXCooking_64.exp
 0002:0000c104       szName                     0000000180030104     PhysXCooking_64.exp
 0002:0000c118       $N00001                    0000000180030118     PhysXCooking_64.exp
 0002:0000c13c       $N00002                    000000018003013c     PhysXCooking_64.exp
 0002:0000c16b       $N00003                    000000018003016b     PhysXCooking_64.exp
 0002:0000c192       $N00004                    0000000180030192     PhysXCooking_64.exp
 0002:0000c1e9       $N00005                    00000001800301e9     PhysXCooking_64.exp
 0002:0000c214       $N00006                    0000000180030214     PhysXCooking_64.exp
 0002:0000c23a       $N00007                    000000018003023a     PhysXCooking_64.exp
 0002:0000c259       $N00008                    0000000180030259     PhysXCooking_64.exp
 0002:0000c28f       $N00009                    000000018003028f     PhysXCooking_64.exp
 0002:0000c2b7       $N00010                    00000001800302b7     PhysXCooking_64.exp
 0002:0000c2db       $N00011                    00000001800302db     PhysXCooking_64.exp
 0002:0000c302       $N00012                    0000000180030302     PhysXCooking_64.exp
 0002:0000c32b       $N00013                    000000018003032b     PhysXCooking_64.exp
 0002:0000c34a       $N00014                    000000018003034a     PhysXCooking_64.exp
 0002:0000c37d       $N00015                    000000018003037d     PhysXCooking_64.exp
 0002:0000c3b3       $N00016                    00000001800303b3     PhysXCooking_64.exp
 0002:0000c3eb       $N00017                    00000001800303eb     PhysXCooking_64.exp
 0002:0000c41d       $N00018                    000000018003041d     PhysXCooking_64.exp
 0002:0000c449       $N00019                    0000000180030449     PhysXCooking_64.exp
 0002:0000c483       $N00020                    0000000180030483     PhysXCooking_64.exp
 0002:0000c4c1       $N00021                    00000001800304c1     PhysXCooking_64.exp
 0002:0000c4fa       $N00022                    00000001800304fa     PhysXCooking_64.exp
 0002:0000c522       $N00023                    0000000180030522     PhysXCooking_64.exp
 0002:0000c558       $N00024                    0000000180030558     PhysXCooking_64.exp
 0002:0000c574       $N00025                    0000000180030574     PhysXCooking_64.exp
 0002:0000c59e       $N00026                    000000018003059e     PhysXCooking_64.exp
 0002:0000c5da       $N00027                    00000001800305da     PhysXCooking_64.exp
 0002:0000c615       $N00028                    0000000180030615     PhysXCooking_64.exp
 0002:0000c650       $N00029                    0000000180030650     PhysXCooking_64.exp
 0002:0000c685       $N00030                    0000000180030685     PhysXCooking_64.exp
 0002:0000c6c1       $N00031                    00000001800306c1     PhysXCooking_64.exp
 0002:0000c6f4       $N00032                    00000001800306f4     PhysXCooking_64.exp
 0002:0000c727       $N00033                    0000000180030727     PhysXCooking_64.exp
 0002:0000c761       $N00034                    0000000180030761     PhysXCooking_64.exp
 0002:0000c79b       $N00035                    000000018003079b     PhysXCooking_64.exp
 0002:0000c7c8       $N00036                    00000001800307c8     PhysXCooking_64.exp
 0002:0000c7fb       $N00037                    00000001800307fb     PhysXCooking_64.exp
 0002:0000c843       $N00038                    0000000180030843     PhysXCooking_64.exp
 0002:0000c883       $N00039                    0000000180030883     PhysXCooking_64.exp
 0002:0000c8b1       $N00040                    00000001800308b1     PhysXCooking_64.exp
 0002:0000c8f1       $N00041                    00000001800308f1     PhysXCooking_64.exp
 0002:0000c932       $N00042                    0000000180030932     PhysXCooking_64.exp
 0002:0000c95f       $N00043                    000000018003095f     PhysXCooking_64.exp
 0002:0000c99b       $N00044                    000000018003099b     PhysXCooking_64.exp
 0002:0000c9d8       $N00045                    00000001800309d8     PhysXCooking_64.exp
 0002:0000ca08       $N00046                    0000000180030a08     PhysXCooking_64.exp
 0002:0000ca1f       $N00047                    0000000180030a1f     PhysXCooking_64.exp
 0002:0000ca3a       $N00048                    0000000180030a3a     PhysXCooking_64.exp
 0002:0000ca51       $N00049                    0000000180030a51     PhysXCooking_64.exp
 0002:0000ca67       $N00050                    0000000180030a67     PhysXCooking_64.exp
 0002:0000ca7e       $N00051                    0000000180030a7e     PhysXCooking_64.exp
 0002:0000ca96       $N00052                    0000000180030a96     PhysXCooking_64.exp
 0002:0000caa0       $N00053                    0000000180030aa0     PhysXCooking_64.exp
 0002:0000cab1       $N00054                    0000000180030ab1     PhysXCooking_64.exp
 0002:0000cac3       $N00055                    0000000180030ac3     PhysXCooking_64.exp
 0002:0000cad6       $N00056                    0000000180030ad6     PhysXCooking_64.exp
 0002:0000caec       $N00057                    0000000180030aec     PhysXCooking_64.exp
 0002:0000caff       $N00058                    0000000180030aff     PhysXCooking_64.exp
 0002:0000cb0b       $N00059                    0000000180030b0b     PhysXCooking_64.exp
 0002:0000cb1f       $N00060                    0000000180030b1f     PhysXCooking_64.exp
 0002:0000cb32       $N00061                    0000000180030b32     PhysXCooking_64.exp
 0002:0000cb42       $N00062                    0000000180030b42     PhysXCooking_64.exp
 0002:0000cb56       $N00063                    0000000180030b56     PhysXCooking_64.exp
 0002:0000cb6b       $N00064                    0000000180030b6b     PhysXCooking_64.exp
 0002:0000cb83       $N00065                    0000000180030b83     PhysXCooking_64.exp
 0002:0000cb98       $N00066                    0000000180030b98     PhysXCooking_64.exp
 0002:0000cbb5       $N00067                    0000000180030bb5     PhysXCooking_64.exp
 0002:0000cbd6       $N00068                    0000000180030bd6     PhysXCooking_64.exp
 0002:0000cbf5       $N00069                    0000000180030bf5     PhysXCooking_64.exp
 0002:0000cc0a       $N00070                    0000000180030c0a     PhysXCooking_64.exp
 0002:0000ced8       .idata$6                   0000000180030ed8     kernel32:KERNEL32.dll
 0003:00000050       ?prefix@?1??getDimension@UnDecorator@@CA?AVDName@@_N@Z@4UStringLiteral@@A 0000000180032050     libvcruntime:undname.obj
 0003:00000060       ?__vcrt_flsindex@@3KA      0000000180032060     libvcruntime:per_thread_data.obj
 0003:00000080       ?dazSupported@?1??_ctrlfp@@9@9 0000000180032080     libucrt:fpctrl.obj
 0003:00000090       ?__acrt_flsindex@@3KA      0000000180032090     libucrt:per_thread_data.obj
 0003:00000094       ?errno_no_memory@@3HA      0000000180032094     libucrt:errno.obj
 0003:00000098       ?doserrno_no_memory@@3KA   0000000180032098     libucrt:errno.obj
 0003:000002d0       _mbctypes                  00000001800322d0     libucrt:mbctype.obj
 0003:000003e0       _mbcasemaps                00000001800323e0     libucrt:mbctype.obj
 0003:000004e0       ?__rgctypeflag@@3PADA      00000001800324e0     libucrt:mbctype.obj
 0003:000004f0       ?__rgcode_page_info@@3PAUcode_page_info@@A 00000001800324f0     libucrt:mbctype.obj
 0003:00000a10       ?__dcrt_lowio_console_output_handle@@3PEAXEA 0000000180032a10     libucrt:initcon.obj
 0003:00000a18       ?dazSupported@?1??common_control87@@9@9 0000000180032a18     libucrt:ieee.obj
 0003:00000d10       ?maxV3Error@vecMathTests@aos@physx@@3T__m128@@B 0000000180032d10     Cooking.obj
 0003:00000d20       ?minFError@vecMathTests@aos@physx@@3T__m128@@B 0000000180032d20     Cooking.obj
 0003:00000d30       ?maxV4Error@vecMathTests@aos@physx@@3T__m128@@B 0000000180032d30     Cooking.obj
 0003:00000d40       ?minV4Error@vecMathTests@aos@physx@@3T__m128@@B 0000000180032d40     Cooking.obj
 0003:00000d50       ?minV3Error@vecMathTests@aos@physx@@3T__m128@@B 0000000180032d50     Cooking.obj
 0003:00000d60       ?maxFError@vecMathTests@aos@physx@@3T__m128@@B 0000000180032d60     Cooking.obj
 0003:00000d70       ?gCookingDelayLoadHook@@3PEBVPxDelayLoadHook@physx@@EB 0000000180032d70     WindowsCookingDelayLoadHook.obj
 0003:00000dd0       ?__proc_attached@@3HA      0000000180032dd0     LIBCMT:dll_dllmain.obj
 0003:00000e08       ?is_initialized_as_dll@@3_NA 0000000180032e08     LIBCMT:utility.obj
 0003:00000e09       ?module_local_atexit_table_initialized@@3_NA 0000000180032e09     LIBCMT:utility.obj
 0003:00000e10       ?module_local_atexit_table@@3U_onexit_table_t@@A 0000000180032e10     LIBCMT:utility.obj
 0003:00000e28       ?module_local_at_quick_exit_table@@3U_onexit_table_t@@A 0000000180032e28     LIBCMT:utility.obj
 0003:00000e98       ?heap@@3V_HeapManager@@A   0000000180032e98     libvcruntime:undname.obj
 0003:00000ec0       ?__vcrt_startup_thread_ptd@@3U__vcrt_ptd@@A 0000000180032ec0     libvcruntime:per_thread_data.obj
 0003:00000f40       __vcrt_lock_table          0000000180032f40     libvcruntime:locks.obj
 0003:00000f68       __vcrt_locks_initialized   0000000180032f68     libvcruntime:locks.obj
 0003:00000f70       ?module_handles@@3PAPEAUHINSTANCE__@@A 0000000180032f70     libvcruntime:winapi_downlevel.obj
 0003:00000f88       ?function_pointers@@3PAPEAXA 0000000180032f88     libvcruntime:winapi_downlevel.obj
 0003:00000fb0       ?c_termination_complete@@3JA 0000000180032fb0     libucrt:exit.obj
 0003:00000fb8       ?thread_local_exit_callback_func@@3P6AXPEAXK0@ZEA 0000000180032fb8     libucrt:exit.obj
 0003:00000fc0       ?c_exit_complete@?1???R<lambda_6e4b09c48022b2350581041d5f6b0c4c>@@QEBA@XZ@4_NA 0000000180032fc0     libucrt:exit.obj
 0003:00000fd0       ?program_name@?1???$common_configure_argv@D@@YAHW4_crt_argv_mode@@@Z@4PADA 0000000180032fd0     libucrt:argv_parsing.obj
 0003:00001130       ?__acrt_lock_table@@3PAU_RTL_CRITICAL_SECTION@@A 0000000180033130     libucrt:locks.obj
 0003:00001360       ?__acrt_locks_initialized@@3IA 0000000180033360     libucrt:locks.obj
 0003:00001368       ?__acrt_invalid_parameter_handler@@3V?$dual_state_global@P6AXPEB_W00I_K@Z@__crt_state_management@@A 0000000180033368     libucrt:invalid_parameter.obj
 0003:00001388       ?fSystemSet@@3HA           0000000180033388     libucrt:mbctype.obj
 0003:0000138c       ?initialized@?1??__acrt_initialize_multibyte@@9@4_NA 000000018003338c     libucrt:mbctype.obj
 0003:000013c0       ?module_handles@@3PAPEAUHINSTANCE__@@A 00000001800333c0     libucrt:winapi_thunks.obj
 0003:00001470       ?encoded_function_pointers@@3PAPEAXA 0000000180033470     libucrt:winapi_thunks.obj
 0003:00001978       ?__acrt_new_handler@@3V?$dual_state_global@P6AH_K@Z@__crt_state_management@@A 0000000180033978     libucrt:new_handler.obj
 0003:00001980       ?ctrlc_action@@3V?$dual_state_global@P6AXH@Z@__crt_state_management@@A 0000000180033980     libucrt:signal.obj
 0003:00001988       ?ctrlbreak_action@@3V?$dual_state_global@P6AXH@Z@__crt_state_management@@A 0000000180033988     libucrt:signal.obj
 0003:00001990       ?abort_action@@3V?$dual_state_global@P6AXH@Z@__crt_state_management@@A 0000000180033990     libucrt:signal.obj
 0003:00001998       ?term_action@@3V?$dual_state_global@P6AXH@Z@__crt_state_management@@A 0000000180033998     libucrt:signal.obj
 0003:000019a0       ?user_matherr@@3V?$dual_state_global@P6AHPEAU_exception@@@Z@__crt_state_management@@A 00000001800339a0     libucrt:matherr.obj
 0003:000019d0       ?internal_state@?1??_mbtowc_internal@@9@4U_Mbstatet@@A 00000001800339d0     libucrt:mbtowc.obj
 0003:000019d8       ?enable_percent_n@@3_KA    00000001800339d8     libucrt:printf_count_output.obj
 0003:000019e4       ?__acrt_global_new_mode@@3V?$dual_state_global@J@__crt_state_management@@A 00000001800339e4     libucrt:new_mode.obj
 0003:000019f0       ?__acrt_app_type@@3W4_crt_app_type@@A 00000001800339f0     libucrt:report_runtime_error.obj
 0003:000019f8       ?internal_pst@?1??__mbrtoc32_utf8@__crt_mbstring@@YA_KPEA_UPEBD_KPEAU_Mbstatet@@AEAV__crt_cached_ptd_host@@@Z@4U3@A 00000001800339f8     libucrt:mbrtoc32.obj
 0003:00001a00       GS_ExceptionRecord         0000000180033a00     LIBCMT:gs_report.obj
 0003:00001aa0       GS_ContextRecord           0000000180033aa0     LIBCMT:gs_report.obj
 0005:00000000       _2il0floatpacket$19        0000000180036000     LIBCMT:svml_ssinf4_sse2.obj
 0005:00002200       _vmlsSinHATab              0000000180038200     LIBCMT:svml_s_sin_cout.obj
 0005:00002210       MsetTab                    0000000180038210     libvcruntime:memset.obj
 0005:00002260       MoveSmall                  0000000180038260     libvcruntime:memcpy.obj
 0005:000022a0       MoveSmallYmm               00000001800382a0     libvcruntime:memcpy.obj
 0005:000022c4       MoveSmallYmmNT             00000001800382c4     libvcruntime:memcpy.obj
 0005:000022e8       MoveSmallXmm               00000001800382e8     libvcruntime:memcpy.obj
 0006:000000a0       $R000000                   00000001800390a0     PhysXCooking.res
 0006:000003d0       $R000330                   00000001800393d0     PhysXCooking.res
